[www.ncl.ac.uk/index.html]
[backblue.gif]
[fade.gif]
[index.html]
[consent.cookiebot.com/uc.js]
[code.jquery.com/jquery-1.10.2.min.js]
[js.hs-scripts.com/5025575.js]
[secure.aiea6gaza.com/js/166409.js]
[www.ncl.ac.uk/gomobileassets/status/js/gecko_cookie.js]
[s.ytimg.com/yts/jsbin/www-widgetapi-vflmgpyWO/www-widgetapi.js]
[www.ncl.ac.uk/media/wwwnclacuk/externalhomepage/images/Virtual Open Day.jpg]
[www.ncl.ac.uk/who-we-are/index.html]
[www.ncl.ac.uk/study/index.html]
[www.ncl.ac.uk/staffandstudents/index.html]
[www.ncl.ac.uk/work-with-us/index.html]
[www.ncl.ac.uk/business-and-partnerships/index.html]
[www.ncl.ac.uk/research/index.html]
[www.ncl.ac.uk/alumni/index.html]
[www.ncl.ac.uk/press/index.html]
[www.ncl.ac.uk/careers/index.html]
[www.ncl.ac.uk/vacancies/index.html]
[www.ncl.ac.uk/library/index.html]
[www.ncl.ac.uk/accommodation/index.html]
[www.ncl.ac.uk/study/meet/undergraduate-open-day/index.html]
[www.ncl.ac.uk/medical-sciences/engage-with-us/mini-medical-school/index.html]
[www.ncl.ac.uk/international/index.html]
[www.ncl.ac.uk/media/wwwnclacuk/pressoffice/images/news/adambehrgrid.jpg]
[www.ncl.ac.uk/press/articles/latest/2022/11/conversationartscouncil/index.html]
[www.ncl.ac.uk/media/wwwnclacuk/pressoffice/images/news/november2022/Mariam-rezaei-pic.jpg]
[www.ncl.ac.uk/media/wwwnclacuk/pressoffice/images/news/november2022/grid_storm-and-lightning-over-the-mountains.jpg]
[www.ncl.ac.uk/press/articles/latest/2022/11/awardsforartists/index.html]
[www.ncl.ac.uk/press/articles/latest/2022/11/europelightning/index.html]
[www.ncl.ac.uk/media/wwwnclacuk/freedomofinformation/files/newcastle-university-slavery-human-trafficking-statement.pdf]
[www.ncl.ac.uk/media/wwwnclacuk/externalhomepage/images/logos/University-Impact-Rankings-2019-Top-30.png]
[www.ncl.ac.uk/numed/index.html]
[www.ncl.ac.uk/singapore/index.html]
[www.ncl.ac.uk/who-we-are/contact/maps/index.html]
[www.ncl.ac.uk/media/wwwnclacuk/externalhomepage/images/logos/into-logo.png]
[www.ncl.ac.uk/media/wwwnclacuk/externalhomepage/images/NHS-logo.png]
[www.ncl.ac.uk/media/wwwnclacuk/externalhomepage/images/QS-Stars-logo.png]
[www.ncl.ac.uk/community-living/index.html]
[www.ncl.ac.uk/media/wwwnclacuk/externalhomepage/images/Erasmusplus-logo.png]
[www.ncl.ac.uk/media/wwwnclacuk/externalhomepage/images/Newcastle-helix-logo.png]
[www.ncl.ac.uk/media/wwwnclacuk/externalhomepage/images/N8-logo.png]
[www.ncl.ac.uk/sitemap/index.html]
[www.ncl.ac.uk/media/wwwnclacuk/externalhomepage/images/logos/Athena-swan-logo.png]
[www.ncl.ac.uk/media/wwwnclacuk/externalhomepage/images/logos/NHSA-logo.png]
[www.ncl.ac.uk/media/wwwnclacuk/externalhomepage/images/QAA-logo.png]
[www.ncl.ac.uk/media/wwwnclacuk/externalhomepage/images/logos/business-disability-forum-logo.png]
[www.ncl.ac.uk/foi/index.html]
[www.ncl.ac.uk/media/wwwnclacuk/externalhomepage/images/logos/Stonewall-logo.png]
[www.ncl.ac.uk/media/wwwnclacuk/externalhomepage/images/logos/Siemens-logo.png]
[www.ncl.ac.uk/media/wwwnclacuk/externalhomepage/images/logos/Renkei-logo.png]
[www.ncl.ac.uk/info/accessibility/index.html]
[www.ncl.ac.uk/media/wwwnclacuk/externalhomepage/images/logos/Russell-group-logo.png]
[www.ncl.ac.uk/foi/publication-scheme/policies/index.html]
[www.ncl.ac.uk/media/wwwnclacuk/externalhomepage/images/logos/Magna-Charta-logo.jpg]
[www.ncl.ac.uk/who-we-are/structure/transparency-information/index.html]
[www.ncl.ac.uk/media/wwwnclacuk/externalhomepage/images/logos/Race-Equality-Charter-logo.png]
[www.ncl.ac.uk/info/photos/index.html]
[www.ncl.ac.uk/zephyr/js/ncuvision__fitvids.js]
[www.ncl.ac.uk/zephyr/js/ncuvision__slick.min.js]
[www.ncl.ac.uk/zephyr/js/ncuvision__fuse.min.js]
[www.ncl.ac.uk/info/legal/index.html]
[www.ncl.ac.uk/info/socialmedia/accounts/index.html]
[www.ncl.ac.uk/zephyr/js/ncuvision__requestAnimationFrame.js]
[www.ncl.ac.uk/zephyr/js/ncuvision__main.js]
[www.ncl.ac.uk/zephyr/js/ncuvision__dataLayerEvents.js]
[static.ads-twitter.com/uwt.js]
[snap.licdn.com/li.lms-analytics/insight.min.js]
[www.ncl.ac.uk/index.html]
[www.ncl.ac.uk/webtemplate/fonts/bariol_regular.html]
[www.ncl.ac.uk/webtemplate/fonts/derailed-bold-webfont.html]
[www.ncl.ac.uk/webtemplate/fonts/derailed-extrabold-webfont.html]
[www.ncl.ac.uk/webtemplate/fonts/derailed-semibold-webfont.html]
[www.ncl.ac.uk/webtemplate/fonts/fa/fa-solid-900.html]
[www.ncl.ac.uk/webtemplate/fonts/derailed-regular-webfont.html]
[s7.addthis.com/js/300/addthis_widget.js]
[www.ncl.ac.uk/zephyr/fonts/Raleway-ExtraBold.woff]
[www.ncl.ac.uk/zephyr/fonts/Raleway-ExtraBold.ttf]
[www.ncl.ac.uk/zephyr/fonts/Raleway-Bold.woff]
[www.ncl.ac.uk/zephyr/fonts/Raleway-Bold.ttf]
[www.ncl.ac.uk/zephyr/fonts/Raleway.woff]
[www.ncl.ac.uk/zephyr/fonts/Raleway.ttf]
[www.ncl.ac.uk/zephyr/fonts/derailed-extrabold-webfont.woff]
[www.ncl.ac.uk/zephyr/fonts/derailed-extrabold-webfont.ttf]
[www.ncl.ac.uk/zephyr/fonts/derailed-bold-webfont.woff]
[www.ncl.ac.uk/zephyr/fonts/derailed-bold-webfont.ttf]
[www.ncl.ac.uk/zephyr/fonts/derailed-regular-webfont.woff]
[www.ncl.ac.uk/zephyr/fonts/derailed-regular-webfont.ttf]
[www.ncl.ac.uk/zephyr/fonts/bariol_regular.woff]
[www.ncl.ac.uk/zephyr/fonts/bariol_regular.ttf]
[www.ncl.ac.uk/zephyr/fonts/DroidSans-Bold-webfont.woff]
[www.ncl.ac.uk/zephyr/fonts/DroidSans-Bold-webfont.ttf]
[www.ncl.ac.uk/zephyr/img/icons/ncuvision__icon-search_dark.png]
[www.ncl.ac.uk/zephyr/img/icons/ncuvision__icon_close.png]
[www.ncl.ac.uk/zephyr/img/icons/ncuvision__icon-search_light.png]
[www.ncl.ac.uk/zephyr/img/icons/ncuvision__icon_menu.png]
[www.ncl.ac.uk/zephyr/img/icons/ncuvision__icon_chevron-left.png]
[www.ncl.ac.uk/zephyr/img/icons/ncuvision__icon_chevron-down.png]
[www.ncl.ac.uk/zephyr/img/icons/ncuvision__icon_chevron-right.png]
[www.ncl.ac.uk/zephyr/img/icons/ncuvision__ajax-loader.gif]
[www.ncl.ac.uk/zephyr/img/icons/ncuvision__relatedPeopleSprite.png]
[www.ncl.ac.uk/zephyr/img/icons/ncuvision__clock.png]
[www.ncl.ac.uk/zephyr/img/icons/ncuvision__more-arrow.gif]
[www.ncl.ac.uk/zephyr/css-static/vision/main.css]
[www.ncl.ac.uk/zephyr/temp_styles.css]
[metrics.ncl.ac.uk/gtm5445.html]
[secure.aiea6gaza.com/166409.html]
[www.ncl.ac.uk/media/wwwnclacuk/whoweare/images/H.jpg]
[www.ncl.ac.uk/who-we-are/strengths/cities-place/index.html]
[www.ncl.ac.uk/media/wwwnclacuk/vision/images/Untitled-1.jpg]
[www.ncl.ac.uk/who-we-are/strengths/index.html]
[www.ncl.ac.uk/who-we-are/strengths/ageing-health/index.html]
[www.ncl.ac.uk/who-we-are/strengths/culture/index.html]
[www.ncl.ac.uk/media/wwwnclacuk/whoweare/files/vision-and-strategy_compressed.pdf]
[www.ncl.ac.uk/who-we-are/strengths/culture/venues/index.html]
[www.ncl.ac.uk/who-we-are/strengths/data/index.html]
[www.ncl.ac.uk/who-we-are/strengths/one-planet/index.html]
[www.ncl.ac.uk/global/index.html]
[www.ncl.ac.uk/who-we-are/coronavirus/index.html]
[www.ncl.ac.uk/who-we-are/coronavirus/amessagefromourvice-chancellorandpresident/index.html]
[www.ncl.ac.uk/who-we-are/coronavirus/partnerships/index.html]
[www.ncl.ac.uk/who-we-are/coronavirus/volunteering/index.html]
[www.ncl.ac.uk/who-we-are/coronavirus/online-learning/index.html]
[www.ncl.ac.uk/who-we-are/vision/index.html]
[www.ncl.ac.uk/who-we-are/vision/teaching-that-inspires/index.html]
[www.ncl.ac.uk/who-we-are/coronavirus/estates/index.html]
[www.ncl.ac.uk/who-we-are/coronavirus/research/index.html]
[www.ncl.ac.uk/who-we-are/vision/going-out-to-work/index.html]
[www.ncl.ac.uk/who-we-are/vision/alumni-doing-amazing-things/index.html]
[www.ncl.ac.uk/media/wwwnclacuk/whoweare/images/global.jpg]
[www.ncl.ac.uk/media/wwwnclacuk/whoweare/images/iStock-165476890 818x428.jpg]
[www.ncl.ac.uk/who-we-are/vision/poetry-that-inspires/index.html]
[www.ncl.ac.uk/media/wwwnclacuk/whoweare/images/KM3.jpg]
[www.ncl.ac.uk/media/wwwnclacuk/pressoffice/images/pressreleaseslegacy/people-and-planet---grid.jpg]
[www.ncl.ac.uk/media/wwwnclacuk/pressoffice/images/news/october2022/Leverhulme-Prize-grid.jpg]
[www.ncl.ac.uk/who-we-are/vision/power-to-the-people/index.html]
[www.ncl.ac.uk/media/wwwnclacuk/pressoffice/images/news/february2021/Voices pic 1_grid.jpg]
[www.ncl.ac.uk/who-we-are/vision/architectural-delights/index.html]
[www.ncl.ac.uk/who-we-are/vision/changing-the-world/index.html]
[www.ncl.ac.uk/gomobileassets/js/infogram.min.js]
[www.ncl.ac.uk/who-we-are/index.html]
[www.ncl.ac.uk/who-we-are/vision/teaching-refugees/index.html]
[www.ncl.ac.uk/who-we-are/vision/car-power-home/index.html]
[www.ncl.ac.uk/who-we-are/vision/kielder-collaboration/index.html]
[www.ncl.ac.uk/who-we-are/vision/public/index.html]
[www.ncl.ac.uk/code/jquery/jquery-1.10.2.min.js]
[www.ncl.ac.uk/who-we-are/vision/atom-collaboration/index.html]
[www.ncl.ac.uk/webtemplate/js/dist/lib/codeSplitting.min.js]
[www.ncl.ac.uk/who-we-are/vision/russia-nomads/index.html]
[www.ncl.ac.uk/who-we-are/vision/green-energy/index.html]
[www.ncl.ac.uk/who-we-are/vision/fighting-disease/index.html]
[www.ncl.ac.uk/who-we-are/vision/integrating-energy/index.html]
[www.ncl.ac.uk/mediav8/marketing-web-services/hero-study.jpg]
[e.infogram.com/js/dist/embed-loader-min.js]
[www.ncl.ac.uk/who-we-are/vision/lkq-collaboration/index.html]
[www.ncl.ac.uk/who-we-are/vision/policymakers/index.html]
[www.ncl.ac.uk/who-we-are/vision/start-up-success/index.html]
[www.ncl.ac.uk/who-we-are/vision/childhood-cancer/index.html]
[www.ncl.ac.uk/who-we-are/vision/siemens-collaboration/index.html]
[www.ncl.ac.uk/who-we-are/vision/formula-one/index.html]
[www.ncl.ac.uk/who-we-are/vision/sci-fi-reality/index.html]
[www.ncl.ac.uk/mediav8/study-with-us/general-images/carousel-image-fromnewcastle.jpg]
[www.ncl.ac.uk/mediav8/study-with-us/general-images/carousel-image-bridges.jpg]
[www.ncl.ac.uk/who-we-are/vision/twin-professors-move-back-north/index.html]
[www.ncl.ac.uk/mediav8/study-with-us/general-images/carousel-image-internationalstudents.jpg]
[www.ncl.ac.uk/who-we-are/vision/dragonflies-improve-energy-efficiency/index.html]
[www.ncl.ac.uk/mediav8/study-with-us/general-images/carousel-image-friendlycity.jpg]
[www.ncl.ac.uk/who-we-are/vision/urban-observatory/index.html]
[www.ncl.ac.uk/who-we-are/vision/girl-kind/index.html]
[www.ncl.ac.uk/mediav8/study-with-us/carousel-homepage-global.jpg]
[www.ncl.ac.uk/who-we-are/vision/dementia-care/index.html]
[www.ncl.ac.uk/mediav8/study-with-us/carousel-leaders-optimised.jpg]
[www.ncl.ac.uk/who-we-are/vision/my-favourite-lecturer/index.html]
[www.ncl.ac.uk/webtemplate/js/dist/lib/ncuvision__fitvids.min.js]
[www.ncl.ac.uk/who-we-are/vision/hatton-gallery-revitalised/index.html]
[www.ncl.ac.uk/webtemplate/js/dist/lib/ncuvision__slick.min.js]
[www.ncl.ac.uk/webtemplate/js/dist/lib/ncuvision__fuse.min.js]
[www.ncl.ac.uk/who-we-are/vision/improving-later-life/index.html]
[www.ncl.ac.uk/webtemplate/js/dist/lib/ncuvision__niceselect.min.js]
[www.ncl.ac.uk/who-we-are/vision/research-to-treatment/index.html]
[www.ncl.ac.uk/webtemplate/js/dist/lib/ncuvision__requestAnimationFrame.min.js]
[www.ncl.ac.uk/webtemplate/js/dist/lib/ncuvision__fastclick.min.js]
[www.ncl.ac.uk/who-we-are/vision/surprising-research/index.html]
[www.ncl.ac.uk/webtemplate/js/dist/lib/ncuvision__actual.min.js]
[www.ncl.ac.uk/webtemplate/js/dist/lib/ncuvision__dataLayerEvents.min.js]
[www.ncl.ac.uk/webtemplate/js/dist/main/bundle.main-minefce.js]
[www.ncl.ac.uk/webtemplate/js/dist/lib/ncuvision__lodash.min.js]
[www.ncl.ac.uk/webtemplate/js/dist/search/bundle.search-minefce.js]
[www.ncl.ac.uk/who-we-are/vision/art-in-the-world/index.html]
[www.ncl.ac.uk/webtemplate/js/dist/utils/ncuvision__staffListing.minefce.js]
[www.ncl.ac.uk/webtemplate/js/pg-funding/ncuvision__pg-fundingefce.js]
[www.ncl.ac.uk/who-we-are/vision/improving-the-environment/index.html]
[www.ncl.ac.uk/webtemplate/js/ncuvision__courseNavDisplay.js]
[www.ncl.ac.uk/study/index.html]
[www.ncl.ac.uk/who-we-are/vision/amazing-entrepreneurs/index.html]
[www.ncl.ac.uk/mediav8/our-research/images/Our Research 2.jpg]
[www.ncl.ac.uk/who-we-are/vision/ncl-at-night/index.html]
[www.ncl.ac.uk/who-we-are/vision/newcastle-university-singapore/index.html]
[www.ncl.ac.uk/who-we-are/vision/biomedical-brilliance/index.html]
[www.ncl.ac.uk/mediav8/our-research/images/seaweed-key.jpg]
[www.ncl.ac.uk/who-we-are/vision/newcastle-from-outside/index.html]
[www.ncl.ac.uk/who-we-are/vision/helping-young-people/index.html]
[www.ncl.ac.uk/who-we-are/vision/svalbard-expedition/index.html]
[www.ncl.ac.uk/mediav8/our-research/images/DC3.jpg]
[www.ncl.ac.uk/who-we-are/vision/newcastle-made-me-expert/index.html]
[www.ncl.ac.uk/who-we-are/vision/cyber-security-during-coronavirus/index.html]
[www.ncl.ac.uk/mediav8/our-research/images/iStock-662006304 640x480.jpg]
[www.ncl.ac.uk/who-we-are/quality/index.html]
[www.ncl.ac.uk/who-we-are/quality/research-excellence/index.html]
[www.ncl.ac.uk/who-we-are/quality/teaching-and-experience/index.html]
[www.ncl.ac.uk/who-we-are/quality/employability/index.html]
[www.ncl.ac.uk/who-we-are/quality/rankings/index.html]
[www.ncl.ac.uk/who-we-are/quality/rankings/uk/index.html]
[www.ncl.ac.uk/research/index.html]
[www.ncl.ac.uk/who-we-are/quality/rankings/world/index.html]
[www.ncl.ac.uk/who-we-are/quality/rankings/single-topic/index.html]
[www.ncl.ac.uk/who-we-are/quality/rankings/higher-education-awards/index.html]
[www.ncl.ac.uk/sustainability/index.html]
[www.ncl.ac.uk/mediav8/work-with-us/images/Work-with-us-header.a8.delayed]
[www.ncl.ac.uk/who-we-are/quality/rankings/ref/index.html]
[www.ncl.ac.uk/who-we-are/people/index.html]
[www.ncl.ac.uk/who-we-are/sage-150/index.html]
[www.ncl.ac.uk/mediav8/work-with-us/files/People, Planet and Prosperity.pdf]
[www.ncl.ac.uk/who-we-are/cop27/index.html]
[www.ncl.ac.uk/who-we-are/engagement/index.html]
[www.ncl.ac.uk/who-we-are/social-justice/index.html]
[www.ncl.ac.uk/mediav8/work-with-us/images/business-key.jpg]
[www.ncl.ac.uk/who-we-are/engagement/awards/index.html]
[www.ncl.ac.uk/who-we-are/engagement/uop-2022/uop-thankyou/index.html]
[www.ncl.ac.uk/who-we-are/engagement/uop-2022/index.html]
[www.ncl.ac.uk/mediav8/work-with-us/images/community-societal-benefit.jpg]
[www.ncl.ac.uk/mediav8/work-with-us/images/global.jpg]
[www.ncl.ac.uk/who-we-are/structure/index.html]
[www.ncl.ac.uk/mediav8/work-with-us/images/The Nick 1.jpg]
[www.ncl.ac.uk/who-we-are/structure/transparency/index.html]
[www.ncl.ac.uk/mediav8/work-with-us/images/policy.jpg]
[www.ncl.ac.uk/who-we-are/structure/access-and-participation/index.html]
[www.ncl.ac.uk/who-we-are/facilities/index.html]
[www.ncl.ac.uk/who-we-are/locations/index.html]
[www.ncl.ac.uk/who-we-are/academic/index.html]
[www.ncl.ac.uk/who-we-are/brexit/index.html]
[www.ncl.ac.uk/who-we-are/equality/index.html]
[www.ncl.ac.uk/work-with-us/index.html]
[www.ncl.ac.uk/who-we-are/equality/race-equality/index.html]
[www.ncl.ac.uk/who-we-are/equality/race-equality/black-history-month/index.html]
[www.ncl.ac.uk/who-we-are/equality/lgbt/index.html]
[www.ncl.ac.uk/who-we-are/equality/disability-equality/index.html]
[www.ncl.ac.uk/who-we-are/equality/faith-religion-belief/index.html]
[www.ncl.ac.uk/mediav8/staff-and-students/images/header-staff-and-students.jpg]
[www.ncl.ac.uk/who-we-are/equality/disability-equality/let-us-know/index.html]
[www.ncl.ac.uk/who-we-are/equality/disability-equality/workplace-adjustments/index.html]
[www.ncl.ac.uk/who-we-are/equality/disability-equality/useful-resources/index.html]
[www.ncl.ac.uk/who-we-are/equality/equality-analysis/index.html]
[www.ncl.ac.uk/who-we-are/equality/language-inclusivity/index.html]
[www.ncl.ac.uk/who-we-are/equality/language-inclusivity/glossary/index.html]
[www.ncl.ac.uk/who-we-are/equality/language-inclusivity/gender-inclusive/index.html]
[www.ncl.ac.uk/who-we-are/equality/language-inclusivity/multilingual/index.html]
[www.ncl.ac.uk/who-we-are/equality/family/index.html]
[www.ncl.ac.uk/who-we-are/equality/duty/index.html]
[www.ncl.ac.uk/who-we-are/sanctuary/index.html]
[www.ncl.ac.uk/who-we-are/social-justice/children-youth-lifecourse/index.html]
[www.ncl.ac.uk/who-we-are/social-justice/poverty-welfare-social-class/index.html]
[www.ncl.ac.uk/who-we-are/social-justice/race-religion-migration/index.html]
[www.ncl.ac.uk/who-we-are/social-justice/gender-sexuality-relationships/index.html]
[www.ncl.ac.uk/who-we-are/social-justice/health-wellbeing-care/index.html]
[www.ncl.ac.uk/who-we-are/social-justice/housing-neighbourhood-region/index.html]
[www.ncl.ac.uk/who-we-are/social-justice/education-work-employment/index.html]
[www.ncl.ac.uk/who-we-are/social-justice/peace-reconciliation-rights/index.html]
[www.ncl.ac.uk/who-we-are/social-justice/environment-nature-landscape/index.html]
[www.ncl.ac.uk/who-we-are/social-justice/working-together/index.html]
[www.ncl.ac.uk/who-we-are/social-justice/stories/index.html]
[www.ncl.ac.uk/who-we-are/social-justice/stories/foodbank-histories/index.html]
[www.ncl.ac.uk/who-we-are/social-justice/stories/network-plus/index.html]
[www.ncl.ac.uk/who-we-are/social-justice/stories/tyneside-neighbourhoods/index.html]
[www.ncl.ac.uk/who-we-are/social-justice/stories/emerging-minds/index.html]
[www.ncl.ac.uk/who-we-are/social-justice/stories/conflict-and-displacement/index.html]
[www.ncl.ac.uk/mediav8/staff-and-students/images/KM1.jpg]
[www.ncl.ac.uk/who-we-are/social-justice/stories/article-22/index.html]
[www.ncl.ac.uk/mediav8/staff-and-students/images/KM2.jpg]
[www.ncl.ac.uk/who-we-are/social-justice/stories/human-trafficking/index.html]
[www.ncl.ac.uk/who-we-are/social-justice/stories/youth-activism/index.html]
[www.ncl.ac.uk/who-we-are/social-justice/stories/housing-injustice/index.html]
[www.ncl.ac.uk/mediav8/staff-and-students/images/KM3.jpg]
[www.ncl.ac.uk/who-we-are/partnerships/index.html]
[www.ncl.ac.uk/staffandstudents/index.html]
[www.ncl.ac.uk/who-we-are/partnerships/community/index.html]
[www.ncl.ac.uk/who-we-are/partnerships/regional/index.html]
[www.ncl.ac.uk/who-we-are/partnerships/schools/index.html]
[www.ncl.ac.uk/who-we-are/stephenson/index.html]
[www.ncl.ac.uk/who-we-are/stephenson/partnerships/index.html]
[www.ncl.ac.uk/mediav8/business-and-partnerships/Home_1800x1213.jpg]
[www.ncl.ac.uk/who-we-are/stephenson/design/index.html]
[www.ncl.ac.uk/who-we-are/stephenson/future/index.html]
[www.ncl.ac.uk/mediav8/business-and-partnerships/images/56201_Tyne_Bridge_dusk_818x428px.jpg]
[www.ncl.ac.uk/who-we-are/helix/index.html]
[www.ncl.ac.uk/who-we-are/frederick-douglass/index.html]
[www.ncl.ac.uk/business-and-partnerships/index.html]
[www.ncl.ac.uk/who-we-are/art/index.html]
[www.ncl.ac.uk/who-we-are/history/index.html]
[www.ncl.ac.uk/mediav8/alumni/images/homepage.jpg]
[www.ncl.ac.uk/events/index.html]
[www.ncl.ac.uk/who-we-are/contact/index.html]
[www.ncl.ac.uk/who-we-are/war-in-ukraine/index.html]
[www.ncl.ac.uk/press/articles/latest/2022/10/qsworlduniversityrankingssustainability/index.html]
[www.ncl.ac.uk/press/articles/latest/2022/10/philipleverhulmeprizes/index.html]
[www.ncl.ac.uk/mediav8/marketing-web-services/dual-wellbeing-into.jpg]
[www.ncl.ac.uk/press/articles/latest/2022/10/voicesreport/index.html]
[www.ncl.ac.uk/students/index.html]
[www.ncl.ac.uk/sage/index.html]
[www.ncl.ac.uk/hass/index.html]
[www.ncl.ac.uk/medical-sciences/index.html]
[www.ncl.ac.uk/global/latin-america/index.html]
[www.ncl.ac.uk/global/central-and-south-asia/index.html]
[www.ncl.ac.uk/global/europe/index.html]
[www.ncl.ac.uk/global/middle-east-and-north-africa/index.html]
[www.ncl.ac.uk/global/north-america/index.html]
[www.ncl.ac.uk/global/sids/index.html]
[www.ncl.ac.uk/global/south-east-asia/index.html]
[www.ncl.ac.uk/global/africa/index.html]
[www.ncl.ac.uk/global/ncl-europe/index.html]
[www.ncl.ac.uk/global/erasmus/index.html]
[www.ncl.ac.uk/sustainability/sustainable-development/index.html]
[www.ncl.ac.uk/who-we-are/partnerships/santander/index.html]
[www.ncl.ac.uk/undergraduate/index.html]
[www.ncl.ac.uk/mediav8/alumni/images/copies-of-documents.png]
[www.ncl.ac.uk/undergraduate/subjects/index.html]
[www.ncl.ac.uk/undergraduate/applications-offers/index.html]
[www.ncl.ac.uk/mediav8/alumni/images/events.png]
[www.ncl.ac.uk/undergraduate/applications-offers/uk-students/index.html]
[www.ncl.ac.uk/mediav8/alumni/images/inspirational-alumni/George Clarke quicklink.jpg]
[www.ncl.ac.uk/undergraduate/applications-offers/international/index.html]
[www.ncl.ac.uk/mediav8/alumni/images/fundraising/Winter appeal - website banners.png]
[www.ncl.ac.uk/alumni/index.html]
[www.ncl.ac.uk/undergraduate/applications-offers/ucas/index.html]
[www.ncl.ac.uk/undergraduate/applications-offers/entry-requirements/index.html]
[www.ncl.ac.uk/undergraduate/applications-offers/entry-requirements/a-levels/index.html]
[www.ncl.ac.uk/gomobileassets/js/modernizr-2.6.2.min.js]
[www.ncl.ac.uk/undergraduate/applications-offers/decisions/index.html]
[www.ncl.ac.uk/gomobileassets/js/jquery-1.10.2.min.js]
[www.ncl.ac.uk/undergraduate/applications-offers/access-schemes/index.html]
[www.ncl.ac.uk/partners/index.html]
[cdn.jsdelivr.net/jquery.slick/1.3.7/slick.css]
[www.ncl.ac.uk/undergraduate/applications-offers/policies/index.html]
[www.ncl.ac.uk/undergraduate/applications-offers/clearing/index.html]
[www.ncl.ac.uk/undergraduate/applications-offers/disabilities/index.html]
[secure.leadforensics.com/js/121408.js]
[www.ncl.ac.uk/study/student-life/support-wellbeing/mature/index.html]
[www.ncl.ac.uk/undergraduate/applications-offers/deferred-entry/index.html]
[www.ncl.ac.uk/undergraduate/applications-offers/application-advice/index.html]
[www.ncl.ac.uk/undergraduate/fees-funding/index.html]
[www.ncl.ac.uk/undergraduate/fees-funding/scholarships-bursaries/index.html]
[www.ncl.ac.uk/undergraduate/fees-funding/scholarships-bursaries/subject-scholarships/index.html]
[www.ncl.ac.uk/sport/performance/scholarships/index.html]
[secure.vols7feed.com/js/150024.js]
[www.ncl.ac.uk/undergraduate/fees-funding/scholarships-bursaries/opportunity-scholarships/index.html]
[www.ncl.ac.uk/undergraduate/fees-funding/scholarships-bursaries/vc-excellence/index.html]
[www.ncl.ac.uk/undergraduate/fees-funding/scholarships-bursaries/vc-global/index.html]
[www.ncl.ac.uk/undergraduate/fees-funding/scholarships-bursaries/into/index.html]
[www.ncl.ac.uk/undergraduate/fees-funding/scholarships-bursaries/vc-international/index.html]
[www.ncl.ac.uk/gomobileassets/js/jquery-accessibleMegaMenu.js]
[www.ncl.ac.uk/undergraduate/fees-funding/scholarships-bursaries/st-nicholas/index.html]
[www.ncl.ac.uk/undergraduate/fees-funding/scholarships-bursaries/sanctuary/index.html]
[www.ncl.ac.uk/gomobileassets/vendor/scroll-to-top/js/scroll-to-top.min.js]
[www.ncl.ac.uk/undergraduate/fees-funding/scholarships-bursaries/norway-scholarship/index.html]
[www.ncl.ac.uk/undergraduate/fees-funding/scholarships-bursaries/international-family-discounts/index.html]
[www.ncl.ac.uk/undergraduate/fees-funding/scholarships-bursaries/vc-eu-scholarship-ug/index.html]
[www.ncl.ac.uk/media/wwwnclacuk/pressoffice/images/news/hadrian's-wall-grid.jpg]
[www.ncl.ac.uk/media/wwwnclacuk/pressoffice/images/news/november2022/maenad grid.jpg]
[www.ncl.ac.uk/undergraduate/fees-funding/scholarships-bursaries/vc-excellence-europe/index.html]
[www.ncl.ac.uk/undergraduate/fees-funding/scholarships-bursaries/vc-business-excellence-europe/index.html]
[www.ncl.ac.uk/undergraduate/fees-funding/scholarships-bursaries/cowrie-foundation-scholarship/index.html]
[www.ncl.ac.uk/media/wwwnclacuk/pressoffice/images/pressreleaseslegacy/Liver---Grid.jpg]
[www.ncl.ac.uk/undergraduate/fees-funding/scholarships-bursaries/edward-long-scholarship/index.html]
[www.ncl.ac.uk/media/wwwnclacuk/pressoffice/images/news/november2022/gold jewellery in open safe grid.jpg]
[www.ncl.ac.uk/undergraduate/fees-funding/tuition-fees/index.html]
[www.ncl.ac.uk/media/wwwnclacuk/pressoffice/images/news/november2022/Pong Grid.jpg]
[www.ncl.ac.uk/undergraduate/fees-funding/tuition-fees/different-fees/index.html]
[www.ncl.ac.uk/media/wwwnclacuk/pressoffice/images/news/april2022/Coronavirus-COVID-19.jpg]
[www.ncl.ac.uk/undergraduate/fees-funding/tuition-fees/additional-costs/index.html]
[www.ncl.ac.uk/undergraduate/fees-funding/student-loans/index.html]
[www.ncl.ac.uk/media/wwwnclacuk/pressoffice/images/homepage/hp-01.jpg]
[www.ncl.ac.uk/undergraduate/fees-funding/international-students/index.html]
[www.ncl.ac.uk/media/wwwnclacuk/pressoffice/images/homepage/hp-02.jpg]
[www.ncl.ac.uk/postgraduate/why-newcastle/index.html]
[www.ncl.ac.uk/postgraduate/index.html]
[www.ncl.ac.uk/postgraduate/flexible-study/index.html]
[www.ncl.ac.uk/postgraduate/qualifications/index.html]
[www.ncl.ac.uk/media/wwwnclacuk/pressoffice/images/homepage/hp-03.jpg]
[www.ncl.ac.uk/postgraduate/postgraduate-research/index.html]
[www.ncl.ac.uk/postgraduate/fees-funding/search-funding/index.html]
[www.ncl.ac.uk/postgraduate/fees-funding/index.html]
[www.ncl.ac.uk/postgraduate/fees-funding/funding-your-study/index.html]
[www.ncl.ac.uk/data/mobile/rss/pressoffice/pressnews/index.xml]
[www.ncl.ac.uk/postgraduate/fees-funding/tuition-fees/index.html]
[www.ncl.ac.uk/postgraduate/applications-offers/index.html]
[www.ncl.ac.uk/gomobileassets/js/vendor/slick.1.3.7.min.js]
[www.ncl.ac.uk/postgraduate/applications-offers/application-help/index.html]
[www.ncl.ac.uk/gomobileassets/js/vendor/jquery.visible.min.js]
[www.ncl.ac.uk/postgraduate/applications-offers/advice-resources/index.html]
[www.ncl.ac.uk/postgraduate/news/index.html]
[www.ncl.ac.uk/postgraduate/applications-offers/offer-guide/index.html]
[www.ncl.ac.uk/doctoral-college/index.html]
[cdn.embed.ly/jquery.embedly-3.1.1.min.js]
[www.ncl.ac.uk/study/distance-learning/index.html]
[www.ncl.ac.uk/study/cpd/index.html]
[www.ncl.ac.uk/gomobileassets/js/plugins.min.js]
[www.ncl.ac.uk/gomobileassets/js/devdec16/tabbedContent.min.js]
[www.ncl.ac.uk/study/campus/index.html]
[www.ncl.ac.uk/gomobileassets/js/main.min.js]
[www.ncl.ac.uk/gomobileassets/js/boxes.min.js]
[www.ncl.ac.uk/press/index.html]
[www.ncl.ac.uk/study/campus/library/index.html]
[www.ncl.ac.uk/study/campus/it/index.html]
[www.ncl.ac.uk/study/campus/study-support/index.html]
[www.ncl.ac.uk/sport/facilities/index.html]
[www.ncl.ac.uk/media/wwwnclacuk/careersservice/images/MyCareer 818x428.jpg]
[www.ncl.ac.uk/study/student-life/city-life/index.html]
[www.ncl.ac.uk/study/student-life/index.html]
[www.ncl.ac.uk/study/student-life/north-east/index.html]
[www.ncl.ac.uk/study/student-life/get-involved/index.html]
[www.ncl.ac.uk/study/student-life/cost/index.html]
[www.ncl.ac.uk/study/student-life/support-wellbeing/index.html]
[www.ncl.ac.uk/media/wwwnclacuk/careersservice/images/CV Feedback 818x428.jpg]
[www.ncl.ac.uk/media/wwwnclacuk/careersservice/images/GRTG 818X428.jpg]
[www.ncl.ac.uk/study/student-life/support-wellbeing/health/index.html]
[www.ncl.ac.uk/media/wwwnclacuk/careersservice/images/Findajob 818x428.jpg]
[www.ncl.ac.uk/media/wwwnclacuk/careersservice/images/STARTUP 818x428.jpg]
[www.ncl.ac.uk/media/wwwnclacuk/careersservice/images/Box-gettingworkexperience-careers Service-3414.jpg]
[www.ncl.ac.uk/media/wwwnclacuk/careersservice/images/Welcome Desk 818x428.jpg]
[www.ncl.ac.uk/media/wwwnclacuk/careersservice/images/Interviews 818x428.jpg]
[www.ncl.ac.uk/study/student-life/support-wellbeing/childcare/index.html]
[www.ncl.ac.uk/media/wwwnclacuk/careersservice/images/Blog 818x428.jpg]
[www.ncl.ac.uk/media/wwwnclacuk/careersservice/images/box-employers.jpg]
[www.ncl.ac.uk/study/student-life/support-wellbeing/care-leavers/index.html]
[www.ncl.ac.uk/study/student-life/support-wellbeing/asylum-seekers/index.html]
[www.ncl.ac.uk/careers/index.html]
[www.ncl.ac.uk/accommodation/living-with-us/index.html]
[www.ncl.ac.uk/accommodation/living-with-us/types/index.html]
[www.ncl.ac.uk/study/accommodation/index.html]
[www.ncl.ac.uk/study/student-life/teaching-learning/index.html]
[www.ncl.ac.uk/accommodation/living-with-us/rooms/index.html]
[www.ncl.ac.uk/accommodation/living-with-us/catering/index.html]
[www.ncl.ac.uk/accommodation/living-with-us/how-to-choose/index.html]
[www.ncl.ac.uk/accommodation/living-with-us/code/index.html]
[www.ncl.ac.uk/accommodation/new-students/index.html]
[www.ncl.ac.uk/accommodation/new-students/guarantee/index.html]
[www.ncl.ac.uk/media/wwwnclacuk/jobvacancies/images/NU Arches Masthead.jpg]
[www.ncl.ac.uk/accommodation/new-students/apply/index.html]
[www.ncl.ac.uk/accommodation/new-students/next/index.html]
[www.ncl.ac.uk/media/wwwnclacuk/jobvacancies/images/Benefits Box one third.jpg]
[www.ncl.ac.uk/accommodation/new-students/arrival-information/index.html]
[www.ncl.ac.uk/media/wwwnclacuk/jobvacancies/images/Housing box one third.jpg]
[www.ncl.ac.uk/media/wwwnclacuk/jobvacancies/images/Commuting box one third.jpg]
[www.ncl.ac.uk/accommodation/university/index.html]
[www.ncl.ac.uk/media/wwwnclacuk/jobvacancies/images/Relocation Box Half.jpg]
[www.ncl.ac.uk/media/wwwnclacuk/jobvacancies/images/International Welcome.2.jpg]
[www.ncl.ac.uk/media/wwwnclacuk/jobvacancies/images/Childcare Box Half.jpg]
[www.ncl.ac.uk/accommodation/university/undergraduate/index.html]
[www.ncl.ac.uk/media/wwwnclacuk/jobvacancies/images/Immigration Box Half.jpg]
[www.ncl.ac.uk/media/wwwnclacuk/jobvacancies/images/Welcome On Board Box Half.jpg]
[www.ncl.ac.uk/media/wwwnclacuk/jobvacancies/files/EDI Box Half.jpg]
[www.ncl.ac.uk/accommodation/university/postgraduate/index.html]
[www.ncl.ac.uk/media/wwwnclacuk/jobvacancies/images/Privacy Protection Box half.jpg]
[www.ncl.ac.uk/vacancies/index.html]
[www.ncl.ac.uk/accommodation/university/couples-families/index.html]
[www.ncl.ac.uk/accommodation/university/accessible/index.html]
[www.ncl.ac.uk/accommodation/rent-payments/index.html]
[www.ncl.ac.uk/mediav8/library/headers/HEADER new.jpg]
[www.ncl.ac.uk/accommodation/rent-payments/payment/index.html]
[www.ncl.ac.uk/accommodation/rent-payments/direct/index.html]
[www.ncl.ac.uk/accommodation/rent-payments/managedpartnerships/index.html]
[www.ncl.ac.uk/accommodation/rent-payments/insurance/index.html]
[www.ncl.ac.uk/accommodation/current-students/index.html]
[www.ncl.ac.uk/mediav8/library/key-messages/special-collections/KEY MSG Special Collections Engagement.jpg]
[www.ncl.ac.uk/mediav8/library/key-messages/news/Your skills.png]
[www.ncl.ac.uk/accommodation/current-students/repairs/index.html]
[www.ncl.ac.uk/accommodation/current-students/reslife/index.html]
[www.ncl.ac.uk/mediav8/library/key-messages/news/Web news welcome back 2022.jpg]
[www.ncl.ac.uk/accommodation/current-students/room-changes/index.html]
[www.ncl.ac.uk/accommodation/current-students/safety-security/index.html]
[www.ncl.ac.uk/accommodation/current-students/recycle/index.html]
[www.ncl.ac.uk/accommodation/current-students/parkingandtravel/index.html]
[www.ncl.ac.uk/accommodation/current-students/leaving/index.html]
[www.ncl.ac.uk/mediav8/library/general-x2f-full-width/banner-library-help-faqs.jpg]
[www.ncl.ac.uk/accommodation/current-students/extension/index.html]
[www.ncl.ac.uk/mediav8/library/key-messages/KEY MSG Homepage Borrow Reserve Return.jpg]
[www.ncl.ac.uk/accommodation/current-students/return/index.html]
[www.ncl.ac.uk/mediav8/library/key-messages/KEY MSG Homepage Resources Study Support.jpg]
[www.ncl.ac.uk/mediav8/library/key-messages/KEY MSG Homepage Research Services.jpg]
[www.ncl.ac.uk/accommodation/current-students/hallreps/index.html]
[www.ncl.ac.uk/accommodation/current-students/feedback/index.html]
[www.ncl.ac.uk/accommodation/staff-and-visitors/index.html]
[assets.juicer.io/embed.js]
[www.ncl.ac.uk/accommodation/useful-information/index.html]
[www.ncl.ac.uk/accommodation/contact/index.html]
[assets.juicer.io/embed.css]
[www.ncl.ac.uk/study/your-future/index.html]
[www.ncl.ac.uk/careers/about/index.html]
[www.ncl.ac.uk/study/your-future/work-placement/index.html]
[www.ncl.ac.uk/study/your-future/careers-service/index.html]
[www.ncl.ac.uk/careers/news/index.html]
[www.ncl.ac.uk/careers/events/index.html]
[www.ncl.ac.uk/mediav8/library/general-x2f-full-width/cse-icon-footer.png]
[www.ncl.ac.uk/careers/startup/index.html]
[www.ncl.ac.uk/careers/planning/index.html]
[www.ncl.ac.uk/webtemplate/libraryassets/js/custom-library1485.js]
[www.ncl.ac.uk/careers/modules/index.html]
[www.ncl.ac.uk/webtemplate/libraryassets/js/library-content-types1f63.js]
[www.ncl.ac.uk/library/index.html]
[www.ncl.ac.uk/careers/interviews/index.html]
[www.ncl.ac.uk/careers/applications/index.html]
[www.ncl.ac.uk/careers/workexperience/index.html]
[www.ncl.ac.uk/careers/jobs/index.html]
[www.ncl.ac.uk/media/wwwnclacuk/accommodation/images/box-third-campus-314391.jpg]
[www.ncl.ac.uk/careers/joboffers/index.html]
[www.ncl.ac.uk/careers/researchingemployers/index.html]
[www.ncl.ac.uk/careers/makingcontacts/index.html]
[www.ncl.ac.uk/media/wwwnclacuk/accommodation/images/new-pg-43679.jpg]
[www.ncl.ac.uk/careers/study/index.html]
[www.ncl.ac.uk/careers/awards/index.html]
[www.ncl.ac.uk/media/wwwnclacuk/accommodation/images/box-third-barker-study-46966.jpg]
[www.ncl.ac.uk/media/wwwnclacuk/accommodation/images/box-third-clh-bedroom-26111.jpg]
[www.ncl.ac.uk/careers/volunteering/index.html]
[www.ncl.ac.uk/study/your-future/boost-your-cv/index.html]
[www.ncl.ac.uk/study/your-future/dtus/index.html]
[www.ncl.ac.uk/media/wwwnclacuk/accommodation/images/box-third-catering.135.delayed]
[www.ncl.ac.uk/study/meet/index.html]
[www.ncl.ac.uk/media/wwwnclacuk/accommodation/images/box-third-students-kings-gate.jpg]
[www.ncl.ac.uk/study/meet/travel/index.html]
[www.ncl.ac.uk/study/meet/self-guided/index.html]
[www.ncl.ac.uk/study/meet/undergraduate-offer-holders/index.html]
[www.ncl.ac.uk/media/wwwnclacuk/accommodation/images/box-third-students-forum-31455.jpg]
[www.ncl.ac.uk/media/wwwnclacuk/accommodation/images/ResLife-Box-one-third.jpg]
[www.ncl.ac.uk/study/meet/he-exhibitions/index.html]
[www.ncl.ac.uk/media/wwwnclacuk/accommodation/images/box-third-staff-visitor-carlton-DSCF0308.jpg]
[www.ncl.ac.uk/accommodation/index.html]
[www.ncl.ac.uk/study/meet/campus-tours/index.html]
[www.ncl.ac.uk/study/meet/schools-institutes-supervisors/index.html]
[www.ncl.ac.uk/mediav8/study-with-us/general-images/Virtual Open Day - Header 2 TESTv2.jpg]
[www.ncl.ac.uk/international/visa/index.html]
[www.ncl.ac.uk/mediav8/study-with-us/NU_Open Day Brochure_November 2022_.pdf]
[www.ncl.ac.uk/international/visa/student-route-inside-uk/index.html]
[www.ncl.ac.uk/international/visa/tier-4-outside-uk/index.html]
[www.ncl.ac.uk/study/international-pathway-courses/index.html]
[www.ncl.ac.uk/international/visa/short-term-outside-uk/index.html]
[js.hsforms.net/forms/v2.js]
[www.ncl.ac.uk/study/international-pathway-courses/our-pathway-courses/index.html]
[www.ncl.ac.uk/study/meet/undergraduate-open-day/index.html]
[www.ncl.ac.uk/study/international-pathway-courses/facilities/index.html]
[www.ncl.ac.uk/study/international-pathway-courses/english-language-courses/index.html]
[www.ncl.ac.uk/undergraduate/degrees/index.html]
[www.ncl.ac.uk/study/international-pathway-courses/support/index.html]
[www.ncl.ac.uk/study/prospectus-request/index.html]
[www.ncl.ac.uk/postgraduate/degrees/index.html]
[www.ncl.ac.uk/study/international-pathway-courses/fees/index.html]
[www.ncl.ac.uk/study/key-dates/index.html]
[www.ncl.ac.uk/study/contact/index.html]
[www.ncl.ac.uk/study/contact/unibuddy/index.html]
[www.ncl.ac.uk/study/covid-19/index.html]
[www.ncl.ac.uk/mediav8/fms/Header - Mini medical school.jpg]
[www.ncl.ac.uk/research/impact/index.html]
[www.ncl.ac.uk/who-we-are/research-strategy/nucores/index.html]
[www.ncl.ac.uk/mediav8/fms/Panel Mini Med School.jpg]
[www.ncl.ac.uk/medical-sciences/engage-with-us/mini-medical-school/index.html]
[www.ncl.ac.uk/research/culture/index.html]
[www.ncl.ac.uk/research/culture/plan/index.html]
[www.ncl.ac.uk/globalchallenges/index.html]
[www.ncl.ac.uk/globalchallenges/un-goals/index.html]
[www.ncl.ac.uk/research/culture/working-together/index.html]
[www.ncl.ac.uk/globalchallenges/un-goals/policynotes/index.html]
[www.ncl.ac.uk/globalchallenges/global-partnerships/index.html]
[www.ncl.ac.uk/globalchallenges/work-together/index.html]
[www.ncl.ac.uk/globalchallenges/water/index.html]
[www.ncl.ac.uk/media/wwwnclacuk/international/images/international_students_header.jpg]
[www.ncl.ac.uk/globalchallenges/food-security/index.html]
[www.ncl.ac.uk/globalchallenges/sustainable-livelihoods/index.html]
[www.ncl.ac.uk/globalchallenges/global-impact/index.html]
[www.ncl.ac.uk/ref-2021/index.html]
[www.ncl.ac.uk/research/directory/index.html]
[www.ncl.ac.uk/globalchallenges/events/index.html]
[www.ncl.ac.uk/media/wwwnclacuk/international/images/UG-Guide.PNG.png]
[www.ncl.ac.uk/research/directory/atoz/index.html]
[www.ncl.ac.uk/media/wwwnclacuk/international/images/PG-Guide.png]
[www.ncl.ac.uk/research/directory/centres/index.html]
[www.ncl.ac.uk/research/directory/institutes/index.html]
[www.ncl.ac.uk/media/wwwnclacuk/international/images/box-int-globe.jpg]
[www.ncl.ac.uk/research/directory/hass/index.html]
[www.ncl.ac.uk/media/wwwnclacuk/international/images/box-int-passport.jpg]
[www.ncl.ac.uk/research/directory/medical/index.html]
[www.ncl.ac.uk/media/wwwnclacuk/international/images/box-int-language.jpg]
[www.ncl.ac.uk/research/directory/sage/index.html]
[www.ncl.ac.uk/media/wwwnclacuk/international/images/box-quayside-46225.jpg]
[www.ncl.ac.uk/media/wwwnclacuk/international/images/Untitled design.png]
[www.ncl.ac.uk/media/wwwnclacuk/international/images/Untitled design (1).png]
[www.ncl.ac.uk/research/researchgovernance/index.html]
[www.ncl.ac.uk/gomobileassets/js/vendor/jquery.visible.js]
[www.ncl.ac.uk/research/researchgovernance/goodpractice/index.html]
[www.ncl.ac.uk/research/researchgovernance/researchcommittee/index.html]
[www.ncl.ac.uk/gomobileassets/status/js/status-content-blocks.min.js]
[www.ncl.ac.uk/research/researchgovernance/animal/index.html]
[www.ncl.ac.uk/research/researchgovernance/animal/animalpolicy/index.html]
[www.ncl.ac.uk/gomobileassets/status/js/status-requirement-widget.min.js]
[www.ncl.ac.uk/gomobileassets/status/js/infographic-widget.min.js]
[www.ncl.ac.uk/research/researchgovernance/animal/animaluse/index.html]
[www.ncl.ac.uk/gomobileassets/status/js/ipgt-tagging.min.js]
[www.ncl.ac.uk/research/researchgovernance/animal/declaration/index.html]
[www.ncl.ac.uk/research/researchgovernance/animal/animaluse/animal procedures/index.html]
[www.ncl.ac.uk/gomobileassets/js/boxes.js]
[www.ncl.ac.uk/research/researchgovernance/animal/humanhealth/index.html]
[www.ncl.ac.uk/international/index.html]
[www.ncl.ac.uk/research/researchgovernance/animal/news/index.html]
[www.ncl.ac.uk/research/researchgovernance/ethics/index.html]
[www.ncl.ac.uk/research/researchgovernance/researchdata-openaccess/index.html]
[www.ncl.ac.uk/research/researchgovernance/policies/index.html]
[www.ncl.ac.uk/research/support/index.html]
[www.ncl.ac.uk/managed-menu/our-research/research-support/people/index.html]
[www.ncl.ac.uk/research/support/people/rsd/index.html]
[www.ncl.ac.uk/media/wwwnclacuk/pressoffice/images/placeholder/Placeholder-1200x630.png]
[www.ncl.ac.uk/research/support/people/pit/index.html]
[www.ncl.ac.uk/research/support/people/grantsandcontracts/index.html]
[www.ncl.ac.uk/research/support/people/grantsandcontractsjro/index.html]
[www.ncl.ac.uk/research/support/people/researchfundingatoz/index.html]
[www.ncl.ac.uk/research/facilities/index.html]
[www.ncl.ac.uk/research/facilities/biomedical/index.html]
[www.ncl.ac.uk/research/facilities/chemistry/index.html]
[images.theconversation.com/files/494171/original/file-20221108-26-90kesbb403.jpg]
[www.ncl.ac.uk/research/facilities/clinical/index.html]
[www.ncl.ac.uk/research/facilities/engineering/index.html]
[www.ncl.ac.uk/research/facilities/marineagriculture/index.html]
[images.theconversation.com/files/494172/original/file-20221108-20-g2zygte6a9.jpg]
[www.ncl.ac.uk/research/facilities/more/index.html]
[www.ncl.ac.uk/press/articles/latest/2022/11/conversationartscouncil/index.html]
[www.ncl.ac.uk/research/facilities/search/index.html]
[www.ncl.ac.uk/research/funding/index.html]
[s7.addthis.com/js/250/addthis_widget.js]
[www.ncl.ac.uk/research/contacts/index.html]
[www.ncl.ac.uk/research/press/index.html]
[www.ncl.ac.uk/media/wwwnclacuk/pressoffice/images/news/november2022/Mariam rezaei pic.jpg]
[www.ncl.ac.uk/business-and-partnerships/case-studies/index.html]
[www.ncl.ac.uk/business-and-partnerships/expert-solutions/index.html]
[www.ncl.ac.uk/business-and-partnerships/expert-solutions/arrow/index.html]
[www.ncl.ac.uk/business-and-partnerships/expert-solutions/cpd/index.html]
[www.ncl.ac.uk/sacs/people/profile/mariamrezaei.html]
[www.ncl.ac.uk/press/articles/latest/2022/11/awardsforartists/index.html]
[www.ncl.ac.uk/business-and-partnerships/expert-solutions/consultancy/index.html]
[www.ncl.ac.uk/business-and-partnerships/expert-solutions/company-creation/index.html]
[www.ncl.ac.uk/business-and-partnerships/expert-solutions/collaborative-research/index.html]
[www.ncl.ac.uk/business-and-partnerships/expert-solutions/corporate-partnerships/index.html]
[www.ncl.ac.uk/business-and-partnerships/expert-solutions/degree-apprenticeships/index.html]
[www.ncl.ac.uk/engineering/staff/profile/abdullahkahraman.html]
[www.ncl.ac.uk/business-and-partnerships/expert-solutions/degree-apprenticeships/msc-digital-technology-solutions/index.html]
[www.ncl.ac.uk/press/articles/latest/2022/11/europelightning/index.html]
[www.ncl.ac.uk/engineering/staff/profile/hayleyfowler.html]
[www.ncl.ac.uk/business-and-partnerships/expert-solutions/degree-apprenticeships/senior-leader-apprenticeships/index.html]
[www.ncl.ac.uk/business-and-partnerships/expert-solutions/facilities-and-equipment/index.html]
[www.ncl.ac.uk/business-and-partnerships/expert-solutions/iiip/index.html]
[www.ncl.ac.uk/business-and-partnerships/expert-solutions/ktp/index.html]
[www.ncl.ac.uk/business-and-partnerships/expert-solutions/licensing/index.html]
[www.ncl.ac.uk/business-and-partnerships/expert-solutions/clinical/index.html]
[www.ncl.ac.uk/mediav8/newcastle-university-medicine-malaysia/images/page-headers/homepage2-1800.jpg]
[www.ncl.ac.uk/business-and-partnerships/contact-us/index.html]
[www.ncl.ac.uk/work-with-us/procurement/index.html]
[www.ncl.ac.uk/work-with-us/procurement/working/index.html]
[www.ncl.ac.uk/work-with-us/procurement/tender/index.html]
[www.ncl.ac.uk/work-with-us/procurement/invoice/index.html]
[www.ncl.ac.uk/work-with-us/procurement/sustainable/index.html]
[www.ncl.ac.uk/work-with-us/procurement/documents/index.html]
[www.ncl.ac.uk/work-with-us/procurement/staff/index.html]
[www.ncl.ac.uk/work-with-us/procurement/contact/index.html]
[www.ncl.ac.uk/alumni/alumni-community/index.html]
[www.ncl.ac.uk/alumni/update-your-details/index.html]
[www.ncl.ac.uk/alumni/alumni-community/find-a-friend/index.html]
[www.ncl.ac.uk/alumni/alumni-community/reunions/index.html]
[www.ncl.ac.uk/alumni/alumni-community/inspirational-alumni/index.html]
[www.ncl.ac.uk/alumni/events/index.html]
[www.ncl.ac.uk/alumni-day-of-action/index.html]
[www.ncl.ac.uk/alumni/alumni-community/inspirational-alumni/alumni-achievement-awards/index.html]
[www.ncl.ac.uk/alumni/news/index.html]
[www.ncl.ac.uk/alumni/alumni-benefits/index.html]
[www.ncl.ac.uk/alumni/contact-us/index.html]
[www.ncl.ac.uk/numed/index.html]
[www.ncl.ac.uk/undergraduate/applications-offers/parents-ebook/index.html]
[www.ncl.ac.uk/nuact/index.html]
[www.ncl.ac.uk/work-with-us/health-social-challenges/index.html]
[www.ncl.ac.uk/media/wwwnclacuk/vision/images/header-singapore.jpg]
[www.ncl.ac.uk/futures/index.html]
[www.ncl.ac.uk/work-with-us/creative-collaborations/index.html]
[www.ncl.ac.uk/work-with-us/policy-practice/index.html]
[www.ncl.ac.uk/employers/index.html]
[www.ncl.ac.uk/wellbeing/index.html]
[www.ncl.ac.uk/student-progress/index.html]
[www.ncl.ac.uk/exams/index.html]
[www.ncl.ac.uk/congregations/index.html]
[www.ncl.ac.uk/tuition-fees/payment/index.html]
[www.ncl.ac.uk/student-financial-support/advice/index.html]
[www.ncl.ac.uk/business-and-partnerships/latest-news/index.html]
[www.ncl.ac.uk/business-and-partnerships/expert-solutions/collaborative-research/net-zero-rise/index.html]
[www.ncl.ac.uk/business-and-partnerships/expert-solutions/degree-apprenticeships/operations-departmental-manager/index.html]
[www.ncl.ac.uk/business-and-partnerships/expert-solutions/der-industrialisation-centres/index.html]
[www.ncl.ac.uk/business-and-partnerships/expert-solutions/learning-partnerships/index.html]
[www.ncl.ac.uk/business-and-partnerships/expert-solutions/learning-partnerships/learning-partnerships-events/index.html]
[www.ncl.ac.uk/business-and-partnerships/enterprise-academy/index.html]
[www.ncl.ac.uk/business-and-partnerships/people/index.html]
[www.ncl.ac.uk/conferences/index.html]
[www.ncl.ac.uk/business-and-partnerships/business-insights/index.html]
[www.ncl.ac.uk/alumni/alumni-benefits/career-development/index.html]
[www.ncl.ac.uk/media/wwwnclacuk/vision/images/promo-dragonfly.16e.delayed]
[www.ncl.ac.uk/alumni/alumni-benefits/lifelong-learning/index.html]
[www.ncl.ac.uk/exams/results/index.html]
[www.ncl.ac.uk/alumni/alumni-benefits/access-to-facilities-on-campus/index.html]
[www.ncl.ac.uk/media/wwwnclacuk/newcastleuniversitysingaporezephyr/images/GettyImages-869674778 818x428.jpg]
[www.ncl.ac.uk/alumni/alumni-benefits/request-a-copy-of-documents/index.html]
[www.ncl.ac.uk/media/wwwnclacuk/newcastleuniversitysingaporezephyr/images/GettyImages-659470914 818x428.jpg]
[www.ncl.ac.uk/singapore/index.html]
[www.ncl.ac.uk/alumni/alumni-community/convocation/index.html]
[www.ncl.ac.uk/alumni/alumni-community/convocation/chair-of-convocation/index.html]
[www.ncl.ac.uk/alumni/alumni-community/volunteer/index.html]
[www.ncl.ac.uk/media/wwwnclacuk/whoweare/images/Hero image - 46217.jpg]
[www.ncl.ac.uk/media/wwwnclacuk/whoweare/files/NU_Region City  Campus Maps_March 2022_Web_compressed.pdf]
[www.ncl.ac.uk/who-we-are/contact/maps/index.html]
[www.ncl.ac.uk/alumni/alumni-community/alumni-networks/index.html]
[www.ncl.ac.uk/alumni/alumni-community/obituaries/index.html]
[www.ncl.ac.uk/alumni/alumni-community/250-celebrations/index.html]
[www.ncl.ac.uk/alumni/contact-us/governance/index.html]
[www.ncl.ac.uk/alumni/contact-us/governance/privacy-policy/index.html]
[www.ncl.ac.uk/alumni/contact-us/governance/ethical-gifts-policy/index.html]
[www.ncl.ac.uk/media/wwwnclacuk/communityliving/images/best-neighbour-banner-3-100.jpg]
[www.ncl.ac.uk/gomobileassets/vendor/nivo/js/jquery.nivo.slider.pack.js]
[www.ncl.ac.uk/media/wwwnclacuk/communityliving/images/be-a-good-neighbour_1-100.jpg]
[www.ncl.ac.uk/media/wwwnclacuk/communityliving/images/caring for-the-community-100.jpg]
[www.ncl.ac.uk/alumni/recruitment/index.html]
[www.ncl.ac.uk/media/wwwnclacuk/communityliving/images/keeping-safe_1-100.jpg]
[www.ncl.ac.uk/media/wwwnclacuk/communityliving/images/find-contact-details copy-2col.png]
[www.ncl.ac.uk/media/wwwnclacuk/communityliving/images/information for residents_1-100.jpg]
[www.ncl.ac.uk/alumni/recruitment/our-teams/index.html]
[www.ncl.ac.uk/media/wwwnclacuk/communityliving/images/learn-about-issues-and-regulations-landing-page-2col.png]
[www.ncl.ac.uk/community-living/index.html]
[www.ncl.ac.uk/alumni/recruitment/our-people/index.html]
[www.ncl.ac.uk/london/index.html]
[www.ncl.ac.uk/medical-sciences/research/fellowship-schemes/index.html]
[www.ncl.ac.uk/study/professional-development/index.html]
[www.ncl.ac.uk/studentservices/index.html]
[www.ncl.ac.uk/student-financial-support/index.html]
[www.ncl.ac.uk/press/articles/latest/2022/11/wallcaphar/index.html]
[www.ncl.ac.uk/sitemap/index.html]
[www.ncl.ac.uk/press/articles/latest/2022/11/maenads/index.html]
[www.ncl.ac.uk/press/articles/latest/2022/11/commentgoldburglaries/index.html]
[www.ncl.ac.uk/press/articles/latest/2022/11/gastroenterologytopten/index.html]
[www.ncl.ac.uk/press/articles/latest/2022/11/globalcoviddeaths/index.html]
[www.ncl.ac.uk/press/articles/latest/2022/11/commentlabgrowncellsplaypong/index.html]
[www.ncl.ac.uk/media/wwwnclacuk/combinedhonourscentre/images/grid-special-collections-map-16749.jpg]
[www.ncl.ac.uk/press/about/index.html]
[www.ncl.ac.uk/press/latest/index.html]
[www.ncl.ac.uk/press/archive/index.html]
[www.ncl.ac.uk/media/wwwnclacuk/freedomofinformation/images/publications-foi.jpg]
[www.ncl.ac.uk/press/sitemap/index.html]
[www.ncl.ac.uk/careers/applications/cv/index.html]
[www.ncl.ac.uk/media/wwwnclacuk/freedomofinformation/images/staff-foi.jpg]
[www.ncl.ac.uk/careers/planning/get-ready-to-graduate/index.html]
[www.ncl.ac.uk/foi/index.html]
[www.ncl.ac.uk/careers/graduateframework/index.html]
[www.ncl.ac.uk/careers/interviews/practise/index.html]
[www.ncl.ac.uk/careers/overseas/index.html]
[www.ncl.ac.uk/careers/explore-occupations/index.html]
[www.ncl.ac.uk/info/accessibility/index.html]
[www.ncl.ac.uk/careers/virtual/index.html]
[www.ncl.ac.uk/careers/sitemap/index.html]
[www.ncl.ac.uk/media/wwwnclacuk/freedomofinformation/files/Engagement Policy Implementation Statement_University of Newcastle RBP (for publishing).pdf]
[www.ncl.ac.uk/foi/publication-scheme/policies/index.html]
[www.ncl.ac.uk/vacancies/benefits/index.html]
[www.ncl.ac.uk/vacancies/housing/index.html]
[www.ncl.ac.uk/vacancies/commuting/index.html]
[www.ncl.ac.uk/vacancies/relocation/index.html]
[www.ncl.ac.uk/media/wwwnclacuk/whoweare/images/header-transparency2.jpg]
[www.ncl.ac.uk/vacancies/international welcome pack/index.html]
[www.ncl.ac.uk/media/wwwnclacuk/whoweare/Transparency-Tables-Newcastle-University-2022.xlsx]
[www.ncl.ac.uk/who-we-are/structure/transparency-information/index.html]
[www.ncl.ac.uk/vacancies/schools-childcare-parents-and-carers/index.html]
[www.ncl.ac.uk/vacancies/visas/index.html]
[www.ncl.ac.uk/info/photos/index.html]
[www.ncl.ac.uk/vacancies/colleague-onboarding-resources-enclosures/index.html]
[www.ncl.ac.uk/vacancies/equality-diversity-inclusion/index.html]
[www.ncl.ac.uk/vacancies/job-applicant-privacy-notice/index.html]
[www.ncl.ac.uk/vacancies/sitemap/index.html]
[www.ncl.ac.uk/library/visiting-the-library/index.html]
[www.ncl.ac.uk/media/wwwnclacuk/websiteinformationandfeedback/images/ncl-logos-trademark.png]
[www.ncl.ac.uk/info/legal/index.html]
[www.ncl.ac.uk/library/visiting-the-library/philip-robinson-library/index.html]
[www.ncl.ac.uk/library/visiting-the-library/philip-robinson-library/book-a-study-space/index.html]
[www.ncl.ac.uk/library/borrow-reserve-return/click-and-collect/index.html]
[www.ncl.ac.uk/library/visiting-the-library/marjorie-robinson-library-rooms/book-a-study-space/index.html]
[www.ncl.ac.uk/library/visiting-the-library/walton-library/index.html]
[www.ncl.ac.uk/library/visiting-the-library/marjorie-robinson-library-rooms/index.html]
[www.ncl.ac.uk/library/visiting-the-library/walton-library/book-a-study-space/index.html]
[www.ncl.ac.uk/library/visiting-the-library/law-library/index.html]
[www.ncl.ac.uk/library/visiting-the-library/research-reserve/index.html]
[www.ncl.ac.uk/library/borrow-reserve-return/index.html]
[www.ncl.ac.uk/library/borrow-reserve-return/cant-find-your-library-resources/index.html]
[www.ncl.ac.uk/library/borrow-reserve-return/inter-library-loans/index.html]
[www.ncl.ac.uk/library/resources-and-study-support/index.html]
[www.ncl.ac.uk/library/resources-and-study-support/databases-journals-reading-lists/index.html]
[www.ncl.ac.uk/library/resources-and-study-support/subject-guides/index.html]
[www.ncl.ac.uk/library/resources-and-study-support/subject-guides/faculty-medical/index.html]
[www.ncl.ac.uk/library/resources-and-study-support/subject-guides/faculty-hass/index.html]
[www.ncl.ac.uk/library/resources-and-study-support/subject-guides/faculty-sage/index.html]
[www.ncl.ac.uk/info/socialmedia/accounts/index.html]
[www.ncl.ac.uk/academic-skills-kit/enhance-your-skills/index.html]
[www.ncl.ac.uk/library/resources-and-study-support/resource-guides/index.html]
[www.ncl.ac.uk/academic-skills-kit/index.html]
[snap.licdn.com/li.lms-analytics/insight.min.js]
[www.ncl.ac.uk/library/resources-and-study-support/peer-mentoring/index.html]
[www.ncl.ac.uk/zephyr/fonts/Raleway-ExtraBold.html]
[www.ncl.ac.uk/library/resources-and-study-support/peer-mentoring/mentees/index.html]
[www.ncl.ac.uk/zephyr/fonts/Raleway-Bold.html]
[www.ncl.ac.uk/library/resources-and-study-support/peer-mentoring/mentors/index.html]
[www.ncl.ac.uk/zephyr/fonts/Raleway-Regular.html]
[www.ncl.ac.uk/library/resources-and-study-support/peer-mentoring/staff/index.html]
[www.ncl.ac.uk/library/resources-and-study-support/peer-mentoring/sdg-induction-period-challenge/index.html]
[www.ncl.ac.uk/zephyr/fonts/derailed-extrabold-webfont.html]
[www.ncl.ac.uk/zephyr/fonts/derailed-bold-webfont.html]
[www.ncl.ac.uk/library/resources-and-study-support/be-wellncl/index.html]
[www.ncl.ac.uk/library/resources-and-study-support/peer-mentoring/mentors/mentor-profiles/index.html]
[www.ncl.ac.uk/zephyr/fonts/derailed-regular-webfont.html]
[www.ncl.ac.uk/library/academics-and-researchers/index.html]
[www.ncl.ac.uk/library/resources-and-study-support/study-well/index.html]
[www.ncl.ac.uk/zephyr/fonts/bariol_regular.html]
[www.ncl.ac.uk/library/academics-and-researchers/research/rdm/index.html]
[www.ncl.ac.uk/zephyr/fonts/DroidSans-Bold-webfont.html]
[www.ncl.ac.uk/library/academics-and-researchers/research/index.html]
[www.ncl.ac.uk/library/academics-and-researchers/research/rdm/planning/index.html]
[www.ncl.ac.uk/library/academics-and-researchers/research/rdm/planning/funder-dmp-requirements/index.html]
[www.ncl.ac.uk/zephyr/img/logos/ncuvision__ncu_crest.svg]
[www.ncl.ac.uk/library/academics-and-researchers/research/rdm/planning/pgr/index.html]
[www.ncl.ac.uk/zephyr/img/logos/ncuvision__ncu_logo.svg]
[www.ncl.ac.uk/library/academics-and-researchers/research/rdm/working/index.html]
[www.ncl.ac.uk/library/academics-and-researchers/research/rdm/planning/dmponline/index.html]
[www.ncl.ac.uk/zephyr/img/icons/ncuvision__icon-pause.svg]
[www.ncl.ac.uk/library/academics-and-researchers/research/rdm/working/organise/index.html]
[www.ncl.ac.uk/zephyr/img/icons/ncuvision__icon-play.svg]
[www.ncl.ac.uk/library/academics-and-researchers/research/rdm/working/handling-of-personal-and-sensitive-data/index.html]
[www.ncl.ac.uk/zephyr/img/icons/ncuvision__icon-search.svg]
[www.ncl.ac.uk/library/academics-and-researchers/research/rdm/sharing/index.html]
[www.ncl.ac.uk/zephyr/img/icons/ncuvision__dropdown-arrow-static.svg]
[www.ncl.ac.uk/library/academics-and-researchers/research/rdm/sharing/datancl/index.html]
[www.ncl.ac.uk/zephyr/img/icons/ncuvision__dropdown-arrow.svg]
[www.ncl.ac.uk/library/academics-and-researchers/research/rdm/sharing/data-access-statement/index.html]
[www.ncl.ac.uk/zephyr/img/icons/ncuvision__dropdown-arrow-black.svg]
[www.ncl.ac.uk/library/academics-and-researchers/research/rdm/sharing/software/index.html]
[www.ncl.ac.uk/zephyr/img/icons/ncuvision__ellipsis.svg]
[www.ncl.ac.uk/library/academics-and-researchers/research/rdm/sharing/data-selection/index.html]
[www.ncl.ac.uk/zephyr/img/icons/ncuvision__ellipsis-close.svg]
[www.ncl.ac.uk/library/academics-and-researchers/research/rdm/sharing/preserving-and-publishing-data/index.html]
[www.ncl.ac.uk/zephyr/img/icons/ncuvision__carousel-arrow.svg]
[www.ncl.ac.uk/library/academics-and-researchers/research/rdm/sharing/reviewing-guidelines/index.html]
[www.ncl.ac.uk/zephyr/img/icons/ncuvision__tick-white.svg]
[www.ncl.ac.uk/library/academics-and-researchers/research/open-access/index.html]
[www.ncl.ac.uk/zephyr/img/icons/ncuvision__icon_chevron-black-down.svg]
[www.ncl.ac.uk/library/academics-and-researchers/research/open-access/ref/index.html]
[www.ncl.ac.uk/zephyr/img/icons/ncuvision__share.svg]
[www.ncl.ac.uk/library/academics-and-researchers/research/open-access/ref/refoastatus/index.html]
[www.ncl.ac.uk/library/academics-and-researchers/research/open-access/funders/index.html]
[www.ncl.ac.uk/library/academics-and-researchers/research/open-access/funders/horizon-2020-policy/index.html]
[www.ncl.ac.uk/library/academics-and-researchers/research/open-access/funders/ukri-policy/index.html]
[www.ncl.ac.uk/library/academics-and-researchers/research/open-access/funders/breast-cancer-now-policy/index.html]
[www.ncl.ac.uk/library/academics-and-researchers/research/open-access/funders/plan-s/index.html]
[www.ncl.ac.uk/library/academics-and-researchers/research/open-access/funders/nihr-policy/index.html]
[www.ncl.ac.uk/library/academics-and-researchers/research/open-access/funders/wellcome/index.html]
[www.ncl.ac.uk/zephyr/img/icon-carousel-arrow.svg]
[www.ncl.ac.uk/library/academics-and-researchers/research/open-access/funders/cruk/index.html]
[www.ncl.ac.uk/library/academics-and-researchers/research/open-access/funders/bhf/index.html]
[www.ncl.ac.uk/library/academics-and-researchers/research/open-access/funders/parkinsons/index.html]
[www.ncl.ac.uk/library/academics-and-researchers/research/open-access/funders/versus-arthritis/index.html]
[www.ncl.ac.uk/library/academics-and-researchers/research/open-access/funders/bcuk/index.html]
[www.ncl.ac.uk/media/wwwnclacuk/ourresearch/images/H-resized-internally.jpg]
[www.ncl.ac.uk/library/academics-and-researchers/research/open-access/funding/index.html]
[www.ncl.ac.uk/library/academics-and-researchers/research/open-access/funding/apply/index.html]
[www.ncl.ac.uk/library/academics-and-researchers/research/open-access/apc/index.html]
[www.ncl.ac.uk/library/academics-and-researchers/research/open-access/research-publications/index.html]
[www.ncl.ac.uk/library/academics-and-researchers/research/profile/myimpact/index.html]
[www.ncl.ac.uk/library/academics-and-researchers/research/profile/index.html]
[www.ncl.ac.uk/library/academics-and-researchers/research/profile/orcid/index.html]
[www.ncl.ac.uk/library/academics-and-researchers/research/profile/googlescholar/index.html]
[www.ncl.ac.uk/library/academics-and-researchers/research/profile/scopus/index.html]
[www.ncl.ac.uk/library/academics-and-researchers/research/profile/socialmedia/index.html]
[www.ncl.ac.uk/library/academics-and-researchers/research/copyright/publications/index.html]
[www.ncl.ac.uk/library/academics-and-researchers/research/copyright/index.html]
[www.ncl.ac.uk/library/academics-and-researchers/research/copyright/research-data/index.html]
[www.ncl.ac.uk/library/academics-and-researchers/research/copyright/theses/index.html]
[www.ncl.ac.uk/library/academics-and-researchers/research/theses/index.html]
[www.ncl.ac.uk/who-we-are/strengths/index.html]
[www.ncl.ac.uk/library/academics-and-researchers/research/systematic-reviews/index.html]
[www.ncl.ac.uk/library/academics-and-researchers/reading-lists/index.html]
[www.ncl.ac.uk/library/academics-and-researchers/reading-lists/cla/index.html]
[www.ncl.ac.uk/media/wwwnclacuk/research/images/boxes/researchimpact/Ageing_header.jpg]
[www.ncl.ac.uk/media/wwwnclacuk/research/images/the-catalyst.jpg]
[www.ncl.ac.uk/library/academics-and-researchers/embedding-skills/index.html]
[www.ncl.ac.uk/medical-sciences/people/profile/lynnecorner.html]
[www.ncl.ac.uk/medical-sciences/people/profile/alrobinson.html]
[www.ncl.ac.uk/library/academics-and-researchers/embedding-skills/information-literacy/index.html]
[www.ncl.ac.uk/medical-sciences/people/profile/avansayer.html]
[www.ncl.ac.uk/medical-sciences/people/profile/fionamatthews.html]
[www.ncl.ac.uk/library/academics-and-researchers/embedding-skills/academic-skills/index.html]
[www.ncl.ac.uk/library/special-collections/teaching-research-and-engagement/index.html]
[www.ncl.ac.uk/library/academics-and-researchers/embedding-skills/resources-for-teaching/index.html]
[www.ncl.ac.uk/apl/people/profile/rcgilroy.html]
[www.ncl.ac.uk/library/academics-and-researchers/research/open-access/eprints/index.html]
[www.ncl.ac.uk/library/academics-and-researchers/embedding-skills/students/index.html]
[www.ncl.ac.uk/library/academics-and-researchers/training-and-development/index.html]
[www.ncl.ac.uk/media/wwwnclacuk/research/images/AHSN-logo.png]
[www.ncl.ac.uk/library/academics-and-researchers/training-and-development/research-data-management-training/index.html]
[www.ncl.ac.uk/media/wwwnclacuk/research/images/NIHR_Logos_Supported-by_COL_CMYK.png]
[www.ncl.ac.uk/who-we-are/strengths/ageing-health/index.html]
[www.ncl.ac.uk/library/academics-and-researchers/training-and-development/information-skills-and-using-research-materials/index.html]
[www.ncl.ac.uk/library/academics-and-researchers/training-and-development/open-access-training/index.html]
[www.ncl.ac.uk/media/wwwnclacuk/research/images/boxes/researchimpact/Cities_header2.jpg]
[www.ncl.ac.uk/library/academics-and-researchers/training-and-development/academic-skills-development/index.html]
[www.ncl.ac.uk/library/academics-and-researchers/training-and-development/managing-information-training/index.html]
[www.ncl.ac.uk/engineering/staff/profile/philipjames.html]
[www.ncl.ac.uk/library/special-collections/search/index.html]
[www.ncl.ac.uk/library/special-collections/browse/index.html]
[www.ncl.ac.uk/library/special-collections/index.html]
[www.ncl.ac.uk/library/special-collections/use/index.html]
[www.ncl.ac.uk/engineering/staff/profile/richarddawson.html]
[www.ncl.ac.uk/library/special-collections/use/visit-us-in-person/index.html]
[www.ncl.ac.uk/library/special-collections/use/visit-us-in-person/plan-your-visit/index.html]
[www.ncl.ac.uk/gps/staff/profile/andylarge.html]
[www.ncl.ac.uk/library/special-collections/use/virtual-reading-room/index.html]
[www.ncl.ac.uk/engineering/staff/profile/philblythe.html]
[www.ncl.ac.uk/library/special-collections/use/digitisation-service/index.html]
[www.ncl.ac.uk/library/special-collections/use/request-an-item/index.html]
[www.ncl.ac.uk/library/special-collections/use/copyright-acknowledgement-and-reuse/index.html]
[www.ncl.ac.uk/library/special-collections/teaching-research-and-engagement/teaching/index.html]
[www.ncl.ac.uk/library/special-collections/teaching-research-and-engagement/research/index.html]
[www.ncl.ac.uk/gps/staff/profile/dannymackinnon.html]
[www.ncl.ac.uk/who-we-are/strengths/cities-place/index.html]
[www.ncl.ac.uk/library/special-collections/teaching-research-and-engagement/research/cabinet-of-curiosities/index.html]
[www.ncl.ac.uk/library/special-collections/teaching-research-and-engagement/engagement/index.html]
[www.ncl.ac.uk/library/special-collections/teaching-research-and-engagement/engagement/student-placement-black-british-exhibition-2022/index.html]
[www.ncl.ac.uk/media/wwwnclacuk/research/images/boxes/researchimpact/Culture_header.jpg]
[www.ncl.ac.uk/library/special-collections/teaching-research-and-engagement/discover-our-collections/index.html]
[www.ncl.ac.uk/library/special-collections/exhibitions/index.html]
[www.ncl.ac.uk/elll/people/profile/jakepolley.html]
[www.ncl.ac.uk/library/special-collections/exhibitions/past-exhibitions/index.html]
[www.ncl.ac.uk/library/special-collections/digital-resources/index.html]
[www.ncl.ac.uk/library/special-collections/digital-resources/collected-voices/index.html]
[www.ncl.ac.uk/library/special-collections/digital-resources/collected-voices/peter-bennet/index.html]
[www.ncl.ac.uk/library/special-collections/digital-resources/collected-voices/sean-obrien-archive/index.html]
[www.ncl.ac.uk/library/special-collections/digital-resources/collected-voices/michael-chaplin-archive/index.html]
[www.ncl.ac.uk/elll/people/profile/seanobrien.html]
[www.ncl.ac.uk/library/special-collections/digital-resources/collected-voices/peter-margaret-lewis-flambard-archive/index.html]
[www.ncl.ac.uk/elll/people/profile/sineadmorrissey.html]
[www.ncl.ac.uk/library/special-collections/digital-resources/collected-voices/michael-chaplin-sid-archive/index.html]
[www.ncl.ac.uk/library/special-collections/digital-resources/collected-voices/peter-mortimer-iron-press-archive/index.html]
[www.ncl.ac.uk/library/special-collections/digital-resources/page-turners/index.html]
[www.ncl.ac.uk/library/special-collections/digital-resources/virtual-walking-tour-of-newcastle-university/index.html]
[www.ncl.ac.uk/library/in-the-community/index.html]
[www.ncl.ac.uk/library/special-collections/about-us/index.html]
[www.ncl.ac.uk/sacs/people/profile/janewilson.html]
[www.ncl.ac.uk/library/in-the-community/joining-the-library/index.html]
[www.ncl.ac.uk/sacs/people/profile/louisewilson2.html]
[www.ncl.ac.uk/library/in-the-community/education-outreach/index.html]
[www.ncl.ac.uk/library/in-the-community/education-outreach/free-online-resources/index.html]
[www.ncl.ac.uk/sacs/people/profile/henrycoombes.html]
[www.ncl.ac.uk/library/in-the-community/education-outreach/free-online-resources/library-skills/index.html]
[www.ncl.ac.uk/library/in-the-community/education-outreach/free-online-resources/archives-alive/index.html]
[www.ncl.ac.uk/sacs/people/profile/andrewburton.html]
[www.ncl.ac.uk/library/in-the-community/education-outreach/workshops/index.html]
[www.ncl.ac.uk/library/in-the-community/education-outreach/workshops/letters-from-the-trenches/index.html]
[www.ncl.ac.uk/library/in-the-community/education-outreach/workshops/civil-wars-workshop/index.html]
[www.ncl.ac.uk/sacs/people/profile/catrinhuber.html]
[www.ncl.ac.uk/library/in-the-community/education-outreach/get-creative/index.html]
[www.ncl.ac.uk/library/in-the-community/education-outreach/projects/index.html]
[www.ncl.ac.uk/sacs/people/profile/wolfgangweileder.html]
[www.ncl.ac.uk/library/in-the-community/education-outreach/cpd-resources/index.html]
[www.ncl.ac.uk/library/in-the-community/education-outreach/cpd-resources/using-objects/index.html]
[www.ncl.ac.uk/sacs/people/profile/catrionamacdonald.html]
[www.ncl.ac.uk/library/in-the-community/education-outreach/cpd-resources/using-images/index.html]
[www.ncl.ac.uk/library/in-the-community/education-outreach/cpd-resources/using-documents/index.html]
[www.ncl.ac.uk/library/in-the-community/friends-of-the-library/index.html]
[www.ncl.ac.uk/library/in-the-community/friends-of-the-library/our-history/index.html]
[www.ncl.ac.uk/library/news/item/listen-to-this-story/index.html]
[www.ncl.ac.uk/library/in-the-community/friends-of-the-library/news-events/index.html]
[www.ncl.ac.uk/library/news/item/welcome-back-to-the-library-2022/index.html]
[www.ncl.ac.uk/library/book-appointments/index.html]
[www.ncl.ac.uk/library/news/item/your-skills-semester-1/index.html]
[www.ncl.ac.uk/library/about-the-library/index.html]
[www.ncl.ac.uk/library/customer-care-statement/index.html]
[www.ncl.ac.uk/library/rules-and-regulations/index.html]
[www.ncl.ac.uk/sacs/people/profile/kathryntickell.html]
[www.ncl.ac.uk/library/strategic-plan/index.html]
[www.ncl.ac.uk/library/policies-and-procedures/index.html]
[www.ncl.ac.uk/sacs/people/profile/chriswhitehead.html]
[www.ncl.ac.uk/library/privacy-statement/index.html]
[www.ncl.ac.uk/library/tell-us-what-you-think/index.html]
[www.ncl.ac.uk/sacs/people/profile/peterstone.html]
[www.ncl.ac.uk/library/social-media/index.html]
[www.ncl.ac.uk/accommodation/sitemap/index.html]
[www.ncl.ac.uk/study/meet/undergraduate-open-day/travel/index4bf0.html]
[www.ncl.ac.uk/who-we-are/strengths/culture/index.html]
[www.ncl.ac.uk/tour/index.html]
[www.ncl.ac.uk/medical-sciences/about/contact/index.html]
[www.ncl.ac.uk/medical-sciences/news/index.html]
[www.ncl.ac.uk/media/wwwnclacuk/whoweare/images/hatton-gallery-hero.jpg]
[www.ncl.ac.uk/media/wwwnclacuk/research/images/dinosaur-dual-panel.jpg]
[www.ncl.ac.uk/medical-sciences/research/index.html]
[www.ncl.ac.uk/media/wwwnclacuk/research/images/stag-dual-panel.jpg]
[www.ncl.ac.uk/medical-sciences/research/institutes/index.html]
[www.ncl.ac.uk/medical-sciences/research/institutes/biosciences/index.html]
[www.ncl.ac.uk/medical-sciences/research/institutes/biosciences/about/index.html]
[www.ncl.ac.uk/media/wwwnclacuk/whoweare/images/hatton-gallery-dual.jpg]
[www.ncl.ac.uk/media/wwwnclacuk/whoweare/images/hatton-outside-dual.jpg]
[www.ncl.ac.uk/media/wwwnclacuk/whoweare/images/library-collections-dual.jpg]
[www.ncl.ac.uk/medical-sciences/research/institutes/biosciences/about/our-people/index.html]
[www.ncl.ac.uk/media/wwwnclacuk/whoweare/images/library-outside-dual.jpg]
[www.ncl.ac.uk/who-we-are/strengths/culture/venues/index.html]
[www.ncl.ac.uk/media/wwwnclacuk/research/images/boxes/researchimpact/Data_header2.jpg]
[www.ncl.ac.uk/medical-sciences/research/institutes/biosciences/about/our-people/management/index.html]
[www.ncl.ac.uk/medical-sciences/research/institutes/biosciences/about/contact/index.html]
[www.ncl.ac.uk/medical-sciences/research/institutes/biosciences/research/index.html]
[www.ncl.ac.uk/medical-sciences/research/institutes/biosciences/research/impact/index.html]
[www.ncl.ac.uk/engineering/staff/profile/nickwright.html]
[www.ncl.ac.uk/medical-sciences/research/institutes/biosciences/research/facilities/index.html]
[www.ncl.ac.uk/curds/people/staffprofile/rachelfranklin.html]
[www.ncl.ac.uk/medical-sciences/research/institutes/biosciences/study/index.html]
[www.ncl.ac.uk/medical-sciences/research/institutes/biosciences/equality/index.html]
[www.ncl.ac.uk/medical-sciences/research/institutes/biosciences/engagement/index.html]
[www.ncl.ac.uk/elll/people/profile/jenniferrichards.html]
[www.ncl.ac.uk/law/people/profile/lilianedwards.html]
[www.ncl.ac.uk/medical-sciences/research/institutes/biosciences/staff/index.html]
[www.ncl.ac.uk/medical-sciences/research/institutes/translational/index.html]
[www.ncl.ac.uk/medical-sciences/research/institutes/translational/staff/index.html]
[www.ncl.ac.uk/who-we-are/strengths/data/index.html]
[www.ncl.ac.uk/who-we-are/strengths/one-planet/index.html]
[www.ncl.ac.uk/global/index.html]
[www.ncl.ac.uk/who-we-are/coronavirus/index.html]
[www.ncl.ac.uk/who-we-are/coronavirus/amessagefromourvice-chancellorandpresident/index.html]
[www.ncl.ac.uk/who-we-are/coronavirus/partnerships/index.html]
[www.ncl.ac.uk/who-we-are/coronavirus/volunteering/index.html]
[www.ncl.ac.uk/who-we-are/coronavirus/online-learning/index.html]
[www.ncl.ac.uk/who-we-are/coronavirus/estates/index.html]
[www.ncl.ac.uk/who-we-are/coronavirus/research/index.html]
[www.ncl.ac.uk/who-we-are/vision/index.html]
[www.ncl.ac.uk/who-we-are/vision/teaching-that-inspires/index.html]
[www.ncl.ac.uk/who-we-are/vision/alumni-doing-amazing-things/index.html]
[www.ncl.ac.uk/who-we-are/vision/going-out-to-work/index.html]
[www.ncl.ac.uk/who-we-are/vision/poetry-that-inspires/index.html]
[www.ncl.ac.uk/who-we-are/vision/power-to-the-people/index.html]
[www.ncl.ac.uk/who-we-are/vision/architectural-delights/index.html]
[www.ncl.ac.uk/who-we-are/vision/changing-the-world/index.html]
[www.ncl.ac.uk/who-we-are/vision/teaching-refugees/index.html]
[www.ncl.ac.uk/who-we-are/vision/car-power-home/index.html]
[www.ncl.ac.uk/who-we-are/vision/kielder-collaboration/index.html]
[www.ncl.ac.uk/who-we-are/vision/public/index.html]
[www.ncl.ac.uk/who-we-are/vision/atom-collaboration/index.html]
[www.ncl.ac.uk/who-we-are/vision/russia-nomads/index.html]
[www.ncl.ac.uk/who-we-are/vision/green-energy/index.html]
[www.ncl.ac.uk/who-we-are/vision/fighting-disease/index.html]
[www.ncl.ac.uk/who-we-are/vision/integrating-energy/index.html]
[www.ncl.ac.uk/who-we-are/vision/lkq-collaboration/index.html]
[www.ncl.ac.uk/who-we-are/vision/policymakers/index.html]
[www.ncl.ac.uk/who-we-are/vision/siemens-collaboration/index.html]
[www.ncl.ac.uk/who-we-are/vision/start-up-success/index.html]
[www.ncl.ac.uk/who-we-are/vision/childhood-cancer/index.html]
[www.ncl.ac.uk/who-we-are/vision/formula-one/index.html]
[www.ncl.ac.uk/who-we-are/vision/sci-fi-reality/index.html]
[www.ncl.ac.uk/who-we-are/vision/twin-professors-move-back-north/index.html]
[www.ncl.ac.uk/who-we-are/vision/dragonflies-improve-energy-efficiency/index.html]
[www.ncl.ac.uk/who-we-are/vision/urban-observatory/index.html]
[www.ncl.ac.uk/who-we-are/vision/girl-kind/index.html]
[www.ncl.ac.uk/who-we-are/vision/dementia-care/index.html]
[www.ncl.ac.uk/who-we-are/vision/my-favourite-lecturer/index.html]
[www.ncl.ac.uk/who-we-are/vision/hatton-gallery-revitalised/index.html]
[www.ncl.ac.uk/who-we-are/vision/improving-later-life/index.html]
[www.ncl.ac.uk/who-we-are/vision/research-to-treatment/index.html]
[www.ncl.ac.uk/who-we-are/vision/surprising-research/index.html]
[www.ncl.ac.uk/who-we-are/vision/art-in-the-world/index.html]
[www.ncl.ac.uk/who-we-are/vision/improving-the-environment/index.html]
[www.ncl.ac.uk/who-we-are/vision/amazing-entrepreneurs/index.html]
[www.ncl.ac.uk/who-we-are/vision/ncl-at-night/index.html]
[www.ncl.ac.uk/who-we-are/vision/newcastle-university-singapore/index.html]
[www.ncl.ac.uk/who-we-are/vision/biomedical-brilliance/index.html]
[www.ncl.ac.uk/who-we-are/vision/newcastle-from-outside/index.html]
[www.ncl.ac.uk/who-we-are/vision/helping-young-people/index.html]
[www.ncl.ac.uk/who-we-are/vision/svalbard-expedition/index.html]
[www.ncl.ac.uk/who-we-are/vision/newcastle-made-me-expert/index.html]
[www.ncl.ac.uk/who-we-are/vision/cyber-security-during-coronavirus/index.html]
[www.ncl.ac.uk/who-we-are/quality/index.html]
[www.ncl.ac.uk/who-we-are/quality/research-excellence/index.html]
[www.ncl.ac.uk/who-we-are/quality/teaching-and-experience/index.html]
[www.ncl.ac.uk/who-we-are/quality/employability/index.html]
[www.ncl.ac.uk/who-we-are/quality/rankings/index.html]
[www.ncl.ac.uk/who-we-are/quality/rankings/uk/index.html]
[www.ncl.ac.uk/who-we-are/quality/rankings/world/index.html]
[www.ncl.ac.uk/who-we-are/quality/rankings/single-topic/index.html]
[www.ncl.ac.uk/who-we-are/quality/rankings/ref/index.html]
[www.ncl.ac.uk/who-we-are/quality/rankings/higher-education-awards/index.html]
[www.ncl.ac.uk/media/wwwnclacuk/pressoffice/images/news/november2022/Grumman-F-14-Tomcat_grid.jpg]
[www.ncl.ac.uk/press/articles/latest/2022/11/commentmilitaryemissions/index.html]
[www.ncl.ac.uk/media/wwwnclacuk/pressoffice/images/pressreleaseslegacy/antarctica-NEWS-GRID.jpg]
[www.ncl.ac.uk/press/articles/latest/2022/10/subglacialantarcticriver/index.html]
[www.ncl.ac.uk/webtemplate/js/ncuvision__pagination.js]
[www.ncl.ac.uk/media/wwwnclacuk/pressoffice/images/placeholder/Placeholder-818x428.png]
[www.ncl.ac.uk/sustainability/index.html]
[www.ncl.ac.uk/media/wwwnclacuk/whoweare/images/hero-our-people.jpg]
[www.ncl.ac.uk/media/wwwnclacuk/whoweare/images/dual-people-search.jpg]
[www.ncl.ac.uk/engineering/staff/profile/barriemecrow.html]
[www.ncl.ac.uk/engineering/staff/profile/ianmetcalfe.html]
[www.ncl.ac.uk/engineering/staff/profile/alexyakovlev.html]
[www.ncl.ac.uk/nanolab/staff/profile/stevebull.html]
[www.ncl.ac.uk/cesi/team/profile/paulwatson.html]
[www.ncl.ac.uk/engineering/staff/profile/trevorpage.html]
[www.ncl.ac.uk/medical-sciences/people/profile/davidbrooks.html]
[www.ncl.ac.uk/medical-sciences/people/profile/davidburn.html]
[www.ncl.ac.uk/medical-sciences/people/profile/johnburn.html]
[www.ncl.ac.uk/medical-sciences/people/profile/martinembley.html]
[www.ncl.ac.uk/medical-sciences/people/profile/timgriffiths.html]
[www.ncl.ac.uk/csbb/people/profile/harrygilbert.html]
[www.ncl.ac.uk/medical-sciences/people/profile/christineharrison.html]
[www.ncl.ac.uk/medical-sciences/people/profile/derekmann.html]
[www.ncl.ac.uk/medical-sciences/people/profile/ruthplummer.html]
[www.ncl.ac.uk/medical-sciences/people/profile/dougturnbull.html]
[www.ncl.ac.uk/medical-sciences/people/profile/brianwalker.html]
[www.ncl.ac.uk/medical-sciences/people/profile/clarebambra.html]
[www.ncl.ac.uk/apl/people/profile/rogerburrows.html]
[www.ncl.ac.uk/gps/staff/profile/tonychampion.html]
[www.ncl.ac.uk/law/people/profile/richardcollier.html]
[www.ncl.ac.uk/curds/people/staffprofile/andygillespie.html]
[www.ncl.ac.uk/gps/staff/profile/johngoddard.html]
[www.ncl.ac.uk/csbb/people/profile/ericahaimes.html]
[www.ncl.ac.uk/gps/staff/profile/roberthollands.html]
[www.ncl.ac.uk/gps/staff/profile/peterhopkins.html]
[www.ncl.ac.uk/gps/staff/profile/alexhughes.html]
[www.ncl.ac.uk/business/people/profile/williammaloney.html]
[www.ncl.ac.uk/business/people/profile/sharonmavin.html]
[www.ncl.ac.uk/gps/staff/profile/janicemclaughlin.html]
[www.ncl.ac.uk/gps/staff/profile/williamouthwaite.html]
[www.ncl.ac.uk/gps/staff/profile/rachelpain.html]
[www.ncl.ac.uk/gps/staff/profile/andypike.html]
[www.ncl.ac.uk/gps/staff/profile/janepollard.html]
[www.ncl.ac.uk/gps/staff/profile/dianerichardson.html]
[www.ncl.ac.uk/law/people/profile/christopherrodgers.html]
[www.ncl.ac.uk/medical-sciences/people/profile/thomasscharf.html]
[www.ncl.ac.uk/apl/people/profile/markshucksmith.html]
[www.ncl.ac.uk/medical-sciences/people/profile/falkosniehotta.html]
[www.ncl.ac.uk/ecls/people/profile/liztodd.html]
[www.ncl.ac.uk/medical-sciences/people/profile/tracypalmer.html]
[www.ncl.ac.uk/maths-physics/people/profile/andrewsoward.html]
[www.ncl.ac.uk/psychology/people/profile/vickibruce.html]
[www.ncl.ac.uk/apl/people/profile/patsyhealey.html]
[www.ncl.ac.uk/who-we-are/people/index.html]
[www.ncl.ac.uk/media/wwwnclacuk/whoweare/images/biology-growth-hero.jpg]
[www.ncl.ac.uk/who-we-are/sage-150/index.html]
[www.ncl.ac.uk/media/wwwnclacuk/whoweare/climateemergency/cop-hero.jpg]
[www.ncl.ac.uk/media/wwwnclacuk/whoweare/climateemergency/23-geography.jpg]
[www.ncl.ac.uk/sustainable-campus/themes/carbon/index.html]
[www.ncl.ac.uk/media/wwwnclacuk/whoweare/sustainability/nusu-grid.jpg]
[www.ncl.ac.uk/media/wwwnclacuk/whoweare/climateemergency/newcastle-city-council.jpg]
[www.ncl.ac.uk/media/wwwnclacuk/pressoffice/images/news/april2021/Cap-a-Pie Climate Change Catastrophe creative team & Hotspur Primary School .jpg]
[www.ncl.ac.uk/media/wwwnclacuk/universityevents/images/Newcastle Debates Climate Change - Box 1.jpg]
[www.ncl.ac.uk/media/wwwnclacuk/whoweare/sustainability/get-involved-key.jpg]
[www.ncl.ac.uk/media/wwwnclacuk/pressoffice/images/news/renewable-energy-news-grid.jpg]
[www.ncl.ac.uk/media/wwwnclacuk/pressoffice/images/news/july2022/Black-stilt,-rare-and-endangered-bird-of-New-Zealand_grid.jpg]
[www.ncl.ac.uk/who-we-are/cop27/index.html]
[www.ncl.ac.uk/events/other/greeneconomysummit/index.html]
[www.ncl.ac.uk/media/wwwnclacuk/whoweare/images/street-scientist.jpg]
[www.ncl.ac.uk/press/articles/latest/2022/09/theawards2022shortlist/index.html]
[www.ncl.ac.uk/press/articles/latest/2022/07/targetedrecoveryactions/index.html]
[www.ncl.ac.uk/media/wwwnclacuk/whoweare/engagement/business-economic-benefit.jpg]
[www.ncl.ac.uk/press/articles/latest/2022/09/energyresearchchampions/index.html]
[www.ncl.ac.uk/media/wwwnclacuk/whoweare/engagement/community-societal-benefit.jpg]
[www.ncl.ac.uk/media/wwwnclacuk/whoweare/engagement/local-global-engagement.jpg]
[www.ncl.ac.uk/media/wwwnclacuk/whoweare/engagement/The Nick 1.jpg]
[www.ncl.ac.uk/media/wwwnclacuk/whoweare/engagement/downing-street.jpg]
[www.ncl.ac.uk/media/wwwnclacuk/whoweare/engagement/access-participation.jpg]
[www.ncl.ac.uk/who-we-are/engagement/index.html]
[www.ncl.ac.uk/media/wwwnclacuk/whoweare/images/SOCIAL-JUSTICE-HEADER.jpg]
[www.ncl.ac.uk/media/wwwnclacuk/socialjustice/images/social-justice-children-youth-lifecourse.jpg]
[www.ncl.ac.uk/media/wwwnclacuk/socialjustice/images/social-justice-poverty-welfare-social-class.jpg]
[www.ncl.ac.uk/media/wwwnclacuk/socialjustice/images/social-justice-race-asylum-migration.jpg]
[www.ncl.ac.uk/media/wwwnclacuk/socialjustice/images/social-justice-gender-sexuality-relationships.jpg]
[www.ncl.ac.uk/media/wwwnclacuk/socialjustice/images/social-justice-health-well-being-care.jpg]
[www.ncl.ac.uk/media/wwwnclacuk/socialjustice/images/social-justice-education-work-employment.jpg]
[www.ncl.ac.uk/media/wwwnclacuk/socialjustice/images/social-justice-housing-neighbourhood-region.jpg]
[www.ncl.ac.uk/media/wwwnclacuk/socialjustice/images/social-justice-peace-reconciliation-human-rights.jpg]
[www.ncl.ac.uk/media/wwwnclacuk/socialjustice/images/social-justice-environment-nature-landscape.jpg]
[www.ncl.ac.uk/media/wwwnclacuk/whoweare/files/Social Justice Advisory Group - VCSE Co-chair Guidance.pdf]
[www.ncl.ac.uk/who-we-are/social-justice/index.html]
[www.ncl.ac.uk/postgraduate/fees-funding/search-funding/index43f0.html]
[www.ncl.ac.uk/media/wwwnclacuk/externalhomepage/images/arches-hero.jpg]
[www.ncl.ac.uk/media/wwwnclacuk/engagement/MyCareBudget key message.jpg]
[www.ncl.ac.uk/media/wwwnclacuk/engagement/Sankofa.jpg]
[www.ncl.ac.uk/media/wwwnclacuk/engagement/Stories from the Archive.jpg]
[www.ncl.ac.uk/media/wwwnclacuk/engagement/Deconf.jpg]
[www.ncl.ac.uk/media/wwwnclacuk/engagement/Multiverse Lab.jpg]
[www.ncl.ac.uk/media/wwwnclacuk/engagement/Girls in STEM Club.jpg]
[www.ncl.ac.uk/media/wwwnclacuk/engagement/Audio Universe.jpg]
[www.ncl.ac.uk/media/wwwnclacuk/engagement/Classics Transformed.jpg]
[www.ncl.ac.uk/media/wwwnclacuk/engagement/Conflict, Intimacy and Military Wives.jpg]
[www.ncl.ac.uk/media/wwwnclacuk/engagement/Agri systems research.jpg]
[www.ncl.ac.uk/media/wwwnclacuk/engagement/Green Finance.jpg]
[www.ncl.ac.uk/media/wwwnclacuk/engagement/Making the senses matter.jpg]
[www.ncl.ac.uk/media/wwwnclacuk/engagement/Dwellbeing Shieldfield.jpg]
[www.ncl.ac.uk/media/wwwnclacuk/engagement/Patients policy pandemic.jpg]
[www.ncl.ac.uk/media/wwwnclacuk/engagement/Reaching Out.jpg]
[www.ncl.ac.uk/media/wwwnclacuk/engagement/Arrow.jpg]
[www.ncl.ac.uk/media/wwwnclacuk/engagement/Creative Fuse North East.jpg]
[www.ncl.ac.uk/media/wwwnclacuk/engagement/Challenge racism and Islamophobia.jpg]
[www.ncl.ac.uk/who-we-are/engagement/awards/index.html]
[www.ncl.ac.uk/media/wwwnclacuk/whoweare/engagement/Untitled design (6).png]
[www.ncl.ac.uk/who-we-are/engagement/awards/2021/index.html]
[www.ncl.ac.uk/media/wwwnclacuk/whoweare/files/Conference Programme (3) (1).pdf]
[www.ncl.ac.uk/who-we-are/engagement/uop-2022/index.html]
[www.ncl.ac.uk/who-we-are/engagement/uop-2022/uop-thankyou/index.html]
[www.ncl.ac.uk/media/wwwnclacuk/workwithus/images/header-structure.jpg]
[www.ncl.ac.uk/media/wwwnclacuk/whoweare/images/structure-dec-2019@2x.png]
[www.ncl.ac.uk/executive/executive-board/members/index.html]
[www.ncl.ac.uk/executive/governance/officers/index.html]
[www.ncl.ac.uk/executive/governance/academic-board/index.html]
[www.ncl.ac.uk/executive/executive-board/index.html]
[www.ncl.ac.uk/who-we-are/structure/index.html]
[www.ncl.ac.uk/media/wwwnclacuk/whoweare/files/Student financial summary 2021.pdf]
[www.ncl.ac.uk/executive/profile/morganclaire.html]
[www.ncl.ac.uk/media/wwwnclacuk/whoweare/files/Executive Remuneration Policy Dec 2018.pdf]
[www.ncl.ac.uk/media/wwwnclacuk/whoweare/files/nu-gender-pay-gap-report-2020.pdf]
[www.ncl.ac.uk/who-we-are/structure/transparency/index.html]
[www.ncl.ac.uk/athena-swan/awards/index.html]
[www.ncl.ac.uk/media/wwwnclacuk/whoweare/files/Access and Participation Plan.pdf]
[www.ncl.ac.uk/media/wwwnclacuk/whoweare/files/fee-suummary.pdf]
[www.ncl.ac.uk/media/wwwnclacuk/Fee_Summary_2223_10007799.pdf]
[www.ncl.ac.uk/media/wwwnclacuk/whoweare/files/H__AA Service Center Temps_impact_report_10007799.pdf]
[www.ncl.ac.uk/who-we-are/structure/access-and-participation/index.html]
[www.ncl.ac.uk/undergraduate/fees-funding/tuition-fees/access/index.html]
[www.ncl.ac.uk/media/wwwnclacuk/whoweare/images/hero-faculties-schools.jpg]
[www.ncl.ac.uk/media/wwwnclacuk/whoweare/images/promo-hass.jpg]
[www.ncl.ac.uk/media/wwwnclacuk/whoweare/images/promo-sage.jpg]
[www.ncl.ac.uk/media/wwwnclacuk/whoweare/images/promo-med.jpg]
[www.ncl.ac.uk/media/wwwnclacuk/whoweare/images/ribbon-research-centres.jpg]
[www.ncl.ac.uk/who-we-are/academic/index.html]
[www.ncl.ac.uk/media/wwwnclacuk/whoweare/images/hero-locations.jpg]
[www.ncl.ac.uk/who-we-are/locations/index.html]
[www.ncl.ac.uk/media/wwwnclacuk/vision/images/header-facilities.jpg]
[www.ncl.ac.uk/media/wwwnclacuk/whoweare/images/46488-re-edited.jpg]
[www.ncl.ac.uk/media/wwwnclacuk/whoweare/images/13083-re-edited.jpg]
[www.ncl.ac.uk/media/wwwnclacuk/whoweare/images/49983-re-edited.jpg]
[www.ncl.ac.uk/media/wwwnclacuk/whoweare/images/3 Column - 50233.jpg]
[www.ncl.ac.uk/media/wwwnclacuk/whoweare/images/57563-re-edited.jpg]
[www.ncl.ac.uk/media/wwwnclacuk/whoweare/images/20618-re-edited.jpg]
[www.ncl.ac.uk/conferences/venues/index.html]
[www.ncl.ac.uk/events/collections/index.html]
[www.ncl.ac.uk/who-we-are/facilities/index.html]
[www.ncl.ac.uk/media/wwwnclacuk/whoweare/brexit/brexit-eu-uk-flag-stone.jpg]
[www.ncl.ac.uk/media/wwwnclacuk/whoweare/brexit/brexit-video-overlay-chris-day.jpg]
[www.ncl.ac.uk/media/wwwnclacuk/whoweare/files/EU-Referendum-An-Open-Letter-to-All-Our-International-Partners.pdf]
[www.ncl.ac.uk/who-we-are/brexit/index.html]
[www.ncl.ac.uk/media/wwwnclacuk/whoweare/images/hero-equality-and-diversity.jpg]
[www.ncl.ac.uk/media/wwwnclacuk/whoweare/files/NU - EDI Strategy 28022020 FINAL w.Logo.pdf]
[www.ncl.ac.uk/media/wwwnclacuk/whoweare/images/race.jpg]
[www.ncl.ac.uk/media/wwwnclacuk/whoweare/images/gender.jpg]
[www.ncl.ac.uk/media/wwwnclacuk/whoweare/images/disability.jpg]
[www.ncl.ac.uk/media/wwwnclacuk/whoweare/images/religion.jpg]
[www.ncl.ac.uk/media/wwwnclacuk/whoweare/images/LGBT.jpg]
[www.ncl.ac.uk/media/wwwnclacuk/whoweare/images/juliane-liebermann-542688-unsplash.jpg]
[www.ncl.ac.uk/media/wwwnclacuk/whoweare/files/Newcastle University Athena SWAN Application Action Plan Final.pdf]
[www.ncl.ac.uk/media/wwwnclacuk/whoweare/files/inclusive-meeting-guidance.pdf]
[www.ncl.ac.uk/media/wwwnclacuk/whoweare/files/edif-application-form-april-2021.docx]
[www.ncl.ac.uk/media/wwwnclacuk/whoweare/files/guidelines-for-applications-to- edif-april-2021.pdf]
[www.ncl.ac.uk/media/wwwnclacuk/athenaswan/images/chris-day.jpg]
[www.ncl.ac.uk/media/wwwnclacuk/vision/images/Athena-Swan.jpg]
[www.ncl.ac.uk/media/wwwnclacuk/vision/images/BDF.jpg]
[www.ncl.ac.uk/media/wwwnclacuk/vision/images/Stonewall.jpg]
[www.ncl.ac.uk/media/wwwnclacuk/whoweare/images/logos/race-equality-charter.jpg]
[www.ncl.ac.uk/media/wwwnclacuk/whoweare/edi/good work pledge.png]
[www.ncl.ac.uk/media/wwwnclacuk/whoweare/edi/Smallest_Things_Stamp_Logo_Web.png]
[www.ncl.ac.uk/who-we-are/equality/index.html]
[www.ncl.ac.uk/media/wwwnclacuk/whoweare/images/race-equality-hero.jpg]
[www.ncl.ac.uk/media/wwwnclacuk/whoweare/files/Working towards the Race Equality Charter October 2020 Action Plan.pdf]
[www.ncl.ac.uk/who-we-are/equality/race-equality/action/index.html]
[www.ncl.ac.uk/media/wwwnclacuk/whoweare/images/hate-crime-overlay.jpg]
[www.ncl.ac.uk/media/wwwnclacuk/whoweare/files/What is hate crime_compressed.pdf]
[www.ncl.ac.uk/media/wwwnclacuk/whoweare/files/How to report_compressed.pdf]
[www.ncl.ac.uk/media/wwwnclacuk/whoweare/files/Hate Crime report by Sign Language_compressed.pdf]
[www.ncl.ac.uk/media/wwwnclacuk/whoweare/files/Learning disabilities Hate Crime_compressed.pdf]
[www.ncl.ac.uk/media/wwwnclacuk/whoweare/files/Mental Health related Hate crime_compressed.pdf]
[www.ncl.ac.uk/media/wwwnclacuk/whoweare/files/Homophobia or biphobia Hate Crime_compressed.pdf]
[www.ncl.ac.uk/media/wwwnclacuk/whoweare/files/Religion and Faith Hate Crime_compressed.pdf]
[www.ncl.ac.uk/media/wwwnclacuk/whoweare/files/BAME-network-TOR-Sept-2019.pdf]
[www.ncl.ac.uk/media/wwwnclacuk/whoweare/images/BAME-advisory-group.jpg]
[www.ncl.ac.uk/who-we-are/equality/race-equality/index.html]
[www.ncl.ac.uk/media/wwwnclacuk/whoweare/images/black_history_header_v2_noText.jpg]
[www.ncl.ac.uk/hca/people/profile/annietindley.html]
[www.ncl.ac.uk/sage/staff/profile/sharronkuznesof.html]
[www.ncl.ac.uk/hca/people/profile/keithmagee.html]
[www.ncl.ac.uk/elll/people/profile/neelamsrivastava.html]
[www.ncl.ac.uk/events/noticeboard/item/271022insightspubliclecturehakimadi.html]
[www.ncl.ac.uk/media/wwwnclacuk/whoweare/edi/files/Black History Month funding application and guidance 2022.docx]
[www.ncl.ac.uk/who-we-are/equality/race-equality/black-history-month/index.html]
[www.ncl.ac.uk/media/wwwnclacuk/whoweare/images/faith-hero.jpg]
[www.ncl.ac.uk/who-we-are/equality/faith-religion-belief/index.html]
[www.ncl.ac.uk/wellbeing/supportservices/chaplaincyandpastoralcare/index.html]
[www.ncl.ac.uk/media/wwwnclacuk/whoweare/files/rainbow-network-terms-of-reference.docx]
[www.ncl.ac.uk/who-we-are/equality/lgbt/index.html]
[www.ncl.ac.uk/media/wwwnclacuk/whoweare/images/reading-braille.jpg]
[www.ncl.ac.uk/who-we-are/equality/disability-equality/index.html]
[www.ncl.ac.uk/media/wwwnclacuk/whoweare/images/let-us-know-hero.jpg]
[www.ncl.ac.uk/media/wwwnclacuk/whoweare/Disability Information Form.docx]
[www.ncl.ac.uk/who-we-are/equality/disability-equality/let-us-know/index.html]
[www.ncl.ac.uk/media/wwwnclacuk/whoweare/images/workplace-adjustments-hero.jpg]
[www.ncl.ac.uk/who-we-are/equality/disability-equality/workplace-adjustments/index.html]
[www.ncl.ac.uk/media/wwwnclacuk/whoweare/images/useful-resources-hero.jpg]
[www.ncl.ac.uk/media/wwwnclacuk/whoweare/images/business-disability-forum (1).png]
[www.ncl.ac.uk/who-we-are/equality/disability-equality/useful-resources/index.html]
[www.ncl.ac.uk/media/wwwnclacuk/ug2018/images/hero-engineering.jpg]
[www.ncl.ac.uk/media/wwwnclacuk/whoweare/images/under-represented-image.jpg]
[www.ncl.ac.uk/media/wwwnclacuk/whoweare/edi/files/equality-analysis-screening-tool.pdf]
[www.ncl.ac.uk/media/wwwnclacuk/whoweare/edi/files/equality-analysis-guidance.pdf]
[www.ncl.ac.uk/media/wwwnclacuk/whoweare/edi/files/equality-analysis-template.docx]
[www.ncl.ac.uk/who-we-are/equality/equality-analysis/index.html]
[www.ncl.ac.uk/who-we-are/equality/language-inclusivity/index.html]
[www.ncl.ac.uk/media/wwwnclacuk/schoolofmodernlanguages/images/edi/understanding-gender.jpg]
[www.ncl.ac.uk/who-we-are/equality/language-inclusivity/glossary/index.html]
[www.ncl.ac.uk/media/wwwnclacuk/schoolofmodernlanguages/images/edi/diagram-woman.jpg]
[www.ncl.ac.uk/who-we-are/equality/language-inclusivity/gender-inclusive/index.html]
[www.ncl.ac.uk/media/wwwnclacuk/whoweare/files/Version française.pdf]
[www.ncl.ac.uk/media/wwwnclacuk/whoweare/files/versión en español.pdf]
[www.ncl.ac.uk/media/wwwnclacuk/whoweare/files/النسخة العربية.pdf]
[www.ncl.ac.uk/media/wwwnclacuk/whoweare/files/Glossary_Simplified Chinese.pdf]
[www.ncl.ac.uk/media/wwwnclacuk/whoweare/files/Glossary_Traditional Chinese.pdf]
[www.ncl.ac.uk/who-we-are/equality/language-inclusivity/multilingual/index.html]
[www.ncl.ac.uk/media/wwwnclacuk/whoweare/images/family-friendly-hero.jpg]
[www.ncl.ac.uk/media/wwwnclacuk/whoweare/images/For Families.png]
[www.ncl.ac.uk/webtemplate/js/ncuvision__main.js]
